Microchip MPLAB XC8 Compiler V2.35

Linker command line:

-W-3 --edf=C:\Program Files\Microchip\xc8\v2.35\pic\dat\en_msgs.txt -cn \
  -h+dist/default/production\Slave_P1.X.production.sym \
  --cmf=dist/default/production\Slave_P1.X.production.cmf -z -Q16F887 \
  -oC:\Users\javyp\AppData\Local\Temp\xcAsmak.4 --defsym=__MPLAB_BUILD=1 \
  -Mdist/default/production/Slave_P1.X.production.map \
  --md=C:\Users\javyp\AppData\Local\Temp\xcAsmak.dat -E1 -ver=XC8 Compiler \
  --acfsm=1493 -ACODE=00h-07FFhx4 -ASTRCODE=00h-01FFFh -ASTRING=00h-0FFhx32 \
  -ACONST=00h-0FFhx32 -AENTRY=00h-0FFhx32 -ACOMMON=070h-07Fh \
  -ABANK0=020h-06Fh -ABANK1=0A0h-0EFh -ABANK2=0110h-016Fh \
  -ABANK3=0190h-01EFh -ARAM=020h-06Fh,0A0h-0EFh,0110h-016Fh,0190h-01EFh \
  -AABS1=020h-07Fh,0A0h-0EFh,0110h-016Fh,0190h-01EFh -ASFR0=00h-01Fh \
  -ASFR1=080h-09Fh -ASFR2=0100h-010Fh -ASFR3=0180h-018Fh \
  -ACONFIG=02007h-02008h -DCONFIG=2 -AIDLOC=02000h-02003h -DIDLOC=2 \
  -AEEDATA=00h-0FFh/02100h -peeprom_data=EEDATA -DEEDATA=2 -DCODE=2 \
  -DSTRCODE=2 -DSTRING=2 -DCONST=2 -DENTRY=2 \
  -preset_vec=00h,intentry=04h,init,end_init -ppowerup=CODE -pcinit=CODE \
  -pfunctab=ENTRY -k C:\Users\javyp\AppData\Local\Temp\xcAsmak.o \
  dist/default/production\Slave_P1.X.production.o 

Object code version is 3.11

Machine type is 16F887



                Name                               Link     Load   Length Selector   Space Scale
C:\Users\javyp\AppData\Local\Temp\xcAsmak.o
                end_init                             12       12        3        8       0
                reset_vec                             0        0        3        0       0
                config                             2007     2007        2        0       4
                idloc                              2000     2000        4        0       5
dist/default/production\Slave_P1.X.production.o
                cinit                                15       15       3A        8       0
                intentry                              4        4        E        8       0
                config                             2007     2007        2        0       4
                idloc                              2000     2000        4        0       5
                text43                              AD8      AD8      288     15B0       0
                text42                             1090     1090       24     2120       0
                text41                             1230     1230       44     2460       0
                text40                              800      800        A     1000       0
                text39                              80A      80A       A2     1014       0
                text38                              A1C      A1C       BC     1438       0
                text37                             10B4     10B4       27     2168       0
                text36                               4F       4F      361        8       0
                text35                             1762     1762       9E     2EC4       0
                text34                             1274     1274       4E     24E8       0
                text33                             12C2     12C2       5C     2584       0
                text32                              6EE      6EE      110        8       0
                text31                              D60      D60      2A0     1AC0       0
                text30                             16D0     16D0       92     2DA0       0
                text29                              963      963       B9     12C6       0
                text28                             1F73     1F73        6     3EE6       0
                text27                              3B0      3B0      33E        8       0
                text26                             1FBD     1FBD        D     3F7A       0
                text25                             110A     110A       34     2214       0
                text24                             1F7F     1F7F        9     3EFE       0
                text23                             1F88     1F88        9     3F10       0
                text22                             1F91     1F91        9     3F22       0
                text21                             1FA5     1FA5        C     3F4A       0
                text20                             1FCA     1FCA        F     3F94       0
                text19                             103B     103B       17     2076       0
                text18                             1052     1052       1C     20A4       0
                text17                             1643     1643       8D     2C86       0
                text16                             14C5     14C5       7C     298A       0
                text15                              8AC      8AC       B7     1158       0
                text14                             102B     102B       10     2056       0
                text13                             10DB     10DB       2F     21B6       0
                text12                             1FEC     1FEC       14     3FD8       0
                text11                             106E     106E       22     20DC       0
                text10                             113E     113E       3A     227C       0
                text9                              137A     137A       68     26F4       0
                text8                              1178     1178       3A     22F0       0
                text7                              13E2     13E2       6D     27C4       0
                text6                              1541     1541       80     2A82       0
                text5                              11B2     11B2       3D     2364       0
                text4                              11EF     11EF       41     23DE       0
                text3                              15C1     15C1       82     2B82       0
                text2                              1F79     1F79        6     3EF2       0
                text1                              144F     144F       76     289E       0
                maintext                           131E     131E       5C     263C       0
                cstackBANK0                          20       20       4F       20       1
                cstackCOMMON                         70       70        E       70       1
                cstackBANK1                          A0       A0       38       A0       1
                cstackBANK3                         190      190       22      190       1
                inittext                           1FD9     1FD9       13     3FB2       0
                dataBANK3                           1B2      1B2        B      190       1
                bssBANK3                            1BD      1BD        A      190       1
                dataBANK1                            E4       E4        C       A0       1
                bssBANK1                             D8       D8        C       A0       1
                strings                            1000     1000       2A     2000       0
                idataBANK3                         1F9A     1F9A        B     3F34       0
                idataBANK1                         1FB1     1FB1        C     3F62       0

TOTAL           Name                               Link     Load   Length     Space
        CLASS   CODE           
                end_init                             12       12        3         0
                cinit                                15       15       3A         0
                intentry                              4        4        E         0
                reset_vec                             0        0        3         0
                text43                              AD8      AD8      288         0
                text42                             1090     1090       24         0
                text41                             1230     1230       44         0
                text40                              800      800        A         0
                text39                              80A      80A       A2         0
                text38                              A1C      A1C       BC         0
                text37                             10B4     10B4       27         0
                text36                               4F       4F      361         0
                text35                             1762     1762       9E         0
                text34                             1274     1274       4E         0
                text33                             12C2     12C2       5C         0
                text32                              6EE      6EE      110         0
                text31                              D60      D60      2A0         0
                text30                             16D0     16D0       92         0
                text29                              963      963       B9         0
                text28                             1F73     1F73        6         0
                text27                              3B0      3B0      33E         0
                text26                             1FBD     1FBD        D         0
                text25                             110A     110A       34         0
                text24                             1F7F     1F7F        9         0
                text23                             1F88     1F88        9         0
                text22                             1F91     1F91        9         0
                text21                             1FA5     1FA5        C         0
                text20                             1FCA     1FCA        F         0
                text19                             103B     103B       17         0
                text18                             1052     1052       1C         0
                text17                             1643     1643       8D         0
                text16                             14C5     14C5       7C         0
                text15                              8AC      8AC       B7         0
                text14                             102B     102B       10         0
                text13                             10DB     10DB       2F         0
                text12                             1FEC     1FEC       14         0
                text11                             106E     106E       22         0
                text10                             113E     113E       3A         0
                text9                              137A     137A       68         0
                text8                              1178     1178       3A         0
                text7                              13E2     13E2       6D         0
                text6                              1541     1541       80         0
                text5                              11B2     11B2       3D         0
                text4                              11EF     11EF       41         0
                text3                              15C1     15C1       82         0
                text2                              1F79     1F79        6         0
                text1                              144F     144F       76         0
                maintext                           131E     131E       5C         0
                inittext                           1FD9     1FD9       13         0
                idataBANK3                         1F9A     1F9A        B         0
                idataBANK1                         1FB1     1FB1        C         0

        CLASS   STRCODE        

        CLASS   STRING         
                strings                            1000     1000       2A         0

        CLASS   CONST          

        CLASS   ENTRY          

        CLASS   COMMON         
                cstackCOMMON                         70       70        E         1

        CLASS   BANK0          
                cstackBANK0                          20       20       4F         1

        CLASS   BANK1          
                cstackBANK1                          A0       A0       38         1
                dataBANK1                            E4       E4        C         1
                bssBANK1                             D8       D8        C         1

        CLASS   BANK2          

        CLASS   BANK3          
                cstackBANK3                         190      190       22         1
                dataBANK3                           1B2      1B2        B         1
                bssBANK3                            1BD      1BD        A         1

        CLASS   RAM            

        CLASS   ABS1           
                abs_s1                               7E       7E        2         1

        CLASS   SFR0           

        CLASS   SFR1           

        CLASS   SFR2           

        CLASS   SFR3           

        CLASS   CONFIG         
                config                             2007     2007        2         4

        CLASS   IDLOC          
                idloc                              2000     2000        4         5

        CLASS   EEDATA         

        CLASS   STACK          



SEGMENTS        Name                           Load    Length   Top    Selector   Space  Class     Delta

                reset_vec                      000000  000003  000003         0       0  CODE        2
                intentry                       000004  0007FA  0007FE         8       0  CODE        2
                cstackBANK0                    000020  00004F  00006F        20       1  BANK0       1
                cstackCOMMON                   000070  00000E  00007E        70       1  COMMON      1
                cstackBANK1                    0000A0  000050  0000F0        A0       1  BANK1       1
                cstackBANK3                    000190  000037  0001C7       190       1  BANK3       1
                text40                         000800  00000A  00080A      1000       0  CODE        2
                text39                         00080A  0000A2  0008AC      1014       0  CODE        2
                text15                         0008AC  0000B7  000963      1158       0  CODE        2
                text29                         000963  0000B9  000A1C      12C6       0  CODE        2
                text38                         000A1C  0000BC  000AD8      1438       0  CODE        2
                text43                         000AD8  000288  000D60      15B0       0  CODE        2
                text31                         000D60  0002A0  001000      1AC0       0  CODE        2
                strings                        001000  00002A  00102A      2000       0  STRING      2
                text14                         00102B  000010  00103B      2056       0  CODE        2
                text19                         00103B  000017  001052      2076       0  CODE        2
                text18                         001052  00001C  00106E      20A4       0  CODE        2
                text11                         00106E  000022  001090      20DC       0  CODE        2
                text42                         001090  000024  0010B4      2120       0  CODE        2
                text37                         0010B4  000027  0010DB      2168       0  CODE        2
                text13                         0010DB  00002F  00110A      21B6       0  CODE        2
                text25                         00110A  000034  00113E      2214       0  CODE        2
                text10                         00113E  00003A  001178      227C       0  CODE        2
                text8                          001178  00003A  0011B2      22F0       0  CODE        2
                text5                          0011B2  00003D  0011EF      2364       0  CODE        2
                text4                          0011EF  000041  001230      23DE       0  CODE        2
                text41                         001230  000044  001274      2460       0  CODE        2
                text34                         001274  00004E  0012C2      24E8       0  CODE        2
                text33                         0012C2  00005C  00131E      2584       0  CODE        2
                maintext                       00131E  00005C  00137A      263C       0  CODE        2
                text9                          00137A  000068  0013E2      26F4       0  CODE        2
                text7                          0013E2  00006D  00144F      27C4       0  CODE        2
                text1                          00144F  000076  0014C5      289E       0  CODE        2
                text16                         0014C5  00007C  001541      298A       0  CODE        2
                text6                          001541  000080  0015C1      2A82       0  CODE        2
                text3                          0015C1  000082  001643      2B82       0  CODE        2
                text17                         001643  00008D  0016D0      2C86       0  CODE        2
                text30                         0016D0  000092  001762      2DA0       0  CODE        2
                text35                         001762  00009E  001800      2EC4       0  CODE        2
                text28                         001F73  000006  001F79      3EE6       0  CODE        2
                text2                          001F79  000006  001F7F      3EF2       0  CODE        2
                text24                         001F7F  000009  001F88      3EFE       0  CODE        2
                text23                         001F88  000009  001F91      3F10       0  CODE        2
                text22                         001F91  000009  001F9A      3F22       0  CODE        2
                idataBANK3                     001F9A  00000B  001FA5      3F34       0  CODE        2
                text21                         001FA5  00000C  001FB1      3F4A       0  CODE        2
                idataBANK1                     001FB1  00000C  001FBD      3F62       0  CODE        2
                text26                         001FBD  00000D  001FCA      3F7A       0  CODE        2
                text20                         001FCA  00000F  001FD9      3F94       0  CODE        2
                inittext                       001FD9  000013  001FEC      3FB2       0  CODE        2
                text12                         001FEC  000014  002000      3FD8       0  CODE        2


UNUSED ADDRESS RANGES

        Name                Unused          Largest block    Delta
        BANK0            006F-006F              1           1
        BANK2            0110-016F             60           1
        BANK3            01C7-01EF             29           1
        CODE             0003-0003              1           2
                         07FE-07FF              2
                         102A-102A              1
                         1800-1F72            773
        CONST            0003-0003              1           2
                         07FE-07FF              2
                         102A-102A              1
                         1800-1F72            100
        EEDATA           2100-21FF            100           2
        ENTRY            0003-0003              1           2
                         07FE-07FF              2
                         102A-102A              1
                         1800-1F72            100
        RAM              006F-006F              1           1
                         0110-016F             60
                         01C7-01EF             29
        SFR0             0000-001F             20           1
        SFR1             0080-009F             20           1
        SFR2             0100-010F             10           1
        SFR3             0180-018F             10           1
        STRCODE          0003-0003              1           2
                         07FE-07FF              2
                         102A-102A              1
                         1800-1F72            773
        STRING           0003-0003              1           2
                         07FE-07FF              2
                         102A-102A              1
                         1800-1F72            100

                                  Symbol Table

?_I2C_Master_Read                 cstackBANK3  0190
?__Umul8_16                       cstackCOMMON 0070
?___fladd                         cstackBANK0  002A
?___fldiv                         cstackBANK0  0058
?___flmul                         cstackBANK0  003E
?___flsub                         cstackBANK0  0065
?___fltol                         cstackBANK3  0190
?___lldiv                         cstackBANK3  0190
?___lwdiv                         cstackCOMMON 0070
?___xxtofl                        cstackCOMMON 0079
?_adc_read                        cstackCOMMON 0070
?_eval_poly                       cstackBANK0  0058
?_frexp                           cstackBANK0  0020
?_log                             cstackBANK0  0068
?_map                             cstackBANK1  00B6
?i1___fltol                       cstackBANK1  00AD
I2C_Master_Init@c                 cstackBANK3  019E
I2C_Master_Read@a                 cstackBANK3  0190
I2C_Master_Read@temp              cstackBANK3  0194
I2C_Master_Write@d                cstackBANK3  0190
USART_send@data                   cstackBANK3  0190
USART_set@baudrate                cstackBANK3  019E
_A                                dataBANK1    00E4
_ADCON0bits                       (abs)        001F
_ADCON1bits                       (abs)        009F
_ADRESH                           (abs)        001E
_ADRESL                           (abs)        009E
_ANSEL                            (abs)        0188
_ANSELH                           (abs)        0189
_B                                dataBANK1    00EC
_BAUDCTLbits                      (abs)        0187
_C                                dataBANK3    01B2
_CCP1CON                          (abs)        0017
_CCP1CONbits                      (abs)        0017
_CCP2CON                          (abs)        001D
_CCP2CONbits                      (abs)        001D
_CCPR1L                           (abs)        0015
_I2C_Master_Init                  text8        1178
_I2C_Master_Read                  text25       110A
_I2C_Master_RepeatedStart         text24       1F7F
_I2C_Master_Start                 text23       1F88
_I2C_Master_Stop                  text22       1F91
_I2C_Master_Wait                  text26       1FBD
_I2C_Master_Write                 text21       1FA5
_INTCONbits                       (abs)        000B
_IOCBbits                         (abs)        0096
_OLD_TEMP                         dataBANK3    01B6
_OPTION_REGbits                   (abs)        0081
_OSCCONbits                       (abs)        008F
_PIE1bits                         (abs)        008C
_PIR1bits                         (abs)        000C
_PORTBbits                        (abs)        0006
_PORTDbits                        (abs)        0008
_PR2                              (abs)        0092
_R1                               dataBANK1    00E8
_R2                               bssBANK1     00D8
_RCSTAbits                        (abs)        0018
_RTC_read                         text17       1643
_SPBRG                            (abs)        0099
_SPBRGH                           (abs)        009A
_SSPADD                           (abs)        0093
_SSPBUF                           (abs)        0013
_SSPCON                           (abs)        0014
_SSPCON2                          (abs)        0091
_SSPCON2bits                      (abs)        0091
_SSPSTAT                          (abs)        0094
_T2CONbits                        (abs)        0012
_TC                               bssBANK3     01BD
_TEMP_POT                         bssBANK1     00E2
_TMR0                             (abs)        0001
_TRISAbits                        (abs)        0085
_TRISBbits                        (abs)        0086
_TRISCbits                        (abs)        0087
_TRISDbits                        (abs)        0088
_TXREG                            (abs)        0019
_TXSTAbits                        (abs)        0098
_USART_send                       text20       1FCA
_USART_set                        text7        13E2
_WPUBbits                         (abs)        0095
__Habs1                           abs1         0000
__Hbank0                          bank0        0000
__Hbank1                          bank1        0000
__Hbank2                          bank2        0000
__Hbank3                          bank3        0000
__HbssBANK1                       bssBANK1     0000
__HbssBANK3                       bssBANK3     0000
__Hcinit                          cinit        004F
__Hclrtext                        clrtext      0000
__Hcode                           code         0000
__Hcommon                         common       0000
__Hconfig                         config       2009
__HcstackBANK0                    cstackBANK0  0000
__HcstackBANK1                    cstackBANK1  0000
__HcstackBANK3                    cstackBANK3  0000
__HcstackCOMMON                   cstackCOMMON 0000
__HdataBANK1                      dataBANK1    0000
__HdataBANK3                      dataBANK3    0000
__Heeprom_data                    eeprom_data  0000
__Hend_init                       end_init     0015
__Hfunctab                        functab      0000
__HidataBANK1                     idataBANK1   0000
__HidataBANK3                     idataBANK3   0000
__Hidloc                          idloc        2004
__Hinit                           init         0012
__Hinittext                       inittext     0000
__Hintentry                       intentry     0012
__Hmaintext                       maintext     0000
__Hpowerup                        powerup      0000
__Hram                            ram          0000
__Hreset_vec                      reset_vec    0003
__Hsfr0                           sfr0         0000
__Hsfr1                           sfr1         0000
__Hsfr2                           sfr2         0000
__Hsfr3                           sfr3         0000
__Hspace_0                        (abs)        2000
__Hspace_1                        (abs)        01C7
__Hspace_2                        (abs)        0000
__Hspace_3                        (abs)        0000
__Hspace_4                        (abs)        4010
__Hstack                          stack        0000
__Hstrings                        strings      0000
__Htext                           text         0000
__Labs1                           abs1         0000
__Lbank0                          bank0        0000
__Lbank1                          bank1        0000
__Lbank2                          bank2        0000
__Lbank3                          bank3        0000
__LbssBANK1                       bssBANK1     0000
__LbssBANK3                       bssBANK3     0000
__Lcinit                          cinit        0015
__Lclrtext                        clrtext      0000
__Lcode                           code         0000
__Lcommon                         common       0000
__Lconfig                         config       0000
__LcstackBANK0                    cstackBANK0  0000
__LcstackBANK1                    cstackBANK1  0000
__LcstackBANK3                    cstackBANK3  0000
__LcstackCOMMON                   cstackCOMMON 0000
__LdataBANK1                      dataBANK1    0000
__LdataBANK3                      dataBANK3    0000
__Leeprom_data                    eeprom_data  0000
__Lend_init                       end_init     0012
__Lfunctab                        functab      0000
__LidataBANK1                     idataBANK1   0000
__LidataBANK3                     idataBANK3   0000
__Lidloc                          idloc        0000
__Linit                           init         0012
__Linittext                       inittext     0000
__Lintentry                       intentry     0004
__Lmaintext                       maintext     0000
__Lpowerup                        powerup      0000
__Lram                            ram          0000
__Lreset_vec                      reset_vec    0000
__Lsfr0                           sfr0         0000
__Lsfr1                           sfr1         0000
__Lsfr2                           sfr2         0000
__Lsfr3                           sfr3         0000
__Lspace_0                        (abs)        0000
__Lspace_1                        (abs)        0000
__Lspace_2                        (abs)        0000
__Lspace_3                        (abs)        0000
__Lspace_4                        (abs)        0000
__Lstack                          stack        0000
__Lstrings                        strings      0000
__Ltext                           text         0000
__S0                              (abs)        2000
__S1                              (abs)        01C7
__S3                              (abs)        0000
__Umul8_16                        text37       10B4
__Umul8_16@multiplicand           cstackCOMMON 0070
__Umul8_16@multiplier             cstackCOMMON 0078
__Umul8_16@product                cstackCOMMON 0074
__Umul8_16@word_mpld              cstackCOMMON 0076
___bmul                           text19       103B
___bmul@multiplicand              cstackBANK3  0190
___bmul@multiplier                cstackBANK3  0193
___bmul@product                   cstackBANK3  0192
___fladd                          text43       0AD8
___fladd@a                        cstackBANK0  002E
___fladd@aexp                     cstackBANK0  003B
___fladd@b                        cstackBANK0  002A
___fladd@bexp                     cstackBANK0  003C
___fladd@grs                      cstackBANK0  003D
___fladd@signs                    cstackBANK0  003A
___fldiv                          text31       0D60
___fldiv@a                        cstackBANK0  0058
___fldiv@aexp                     cstackBANK1  00AC
___fldiv@b                        cstackBANK0  005C
___fldiv@bexp                     cstackBANK1  00AB
___fldiv@grs                      cstackBANK1  00A7
___fldiv@new_exp                  cstackBANK1  00A5
___fldiv@rem                      cstackBANK1  00A0
___fldiv@sign                     cstackBANK1  00A4
___fleq                           text34       1274
___fleq@ff1                       cstackCOMMON 0070
___fleq@ff2                       cstackCOMMON 0074
___flge                           text39       080A
___flge@ff1                       cstackCOMMON 0070
___flge@ff2                       cstackCOMMON 0074
___flmul                          text36       004F
___flmul@a                        cstackBANK0  0042
___flmul@aexp                     cstackBANK0  0050
___flmul@b                        cstackBANK0  003E
___flmul@bexp                     cstackBANK0  0051
___flmul@grs                      cstackBANK0  004C
___flmul@prod                     cstackBANK0  0052
___flmul@sign                     cstackBANK0  004B
___flmul@temp                     cstackBANK0  0056
___flsub                          text42       1090
___flsub@a                        cstackBANK0  0065
___flsub@b                        cstackBANK0  0069
___fltol                          text16       14C5
___fltol@exp1                     cstackBANK3  019A
___fltol@f1                       cstackBANK3  0190
___fltol@sign1                    cstackBANK3  0199
___int_sp                         stack        0000
___latbits                        (abs)        0002
___lldiv                          text9        137A
___lldiv@counter                  cstackBANK3  019D
___lldiv@dividend                 cstackBANK3  0194
___lldiv@divisor                  cstackBANK3  0190
___lldiv@quotient                 cstackBANK3  0199
___lwdiv                          text41       1230
___lwdiv@counter                  cstackCOMMON 0077
___lwdiv@dividend                 cstackCOMMON 0072
___lwdiv@divisor                  cstackCOMMON 0070
___lwdiv@quotient                 cstackCOMMON 0075
___sp                             stack        0000
___stackhi                        (abs)        0000
___stacklo                        (abs)        0000
___xxtofl                         text38       0A1C
___xxtofl@arg                     cstackBANK0  0026
___xxtofl@exp                     cstackBANK0  0025
___xxtofl@sign                    cstackBANK0  0024
___xxtofl@val                     cstackCOMMON 0079
__end_of_I2C_Master_Init          text8        11B2
__end_of_I2C_Master_Read          text25       113E
__end_of_I2C_Master_RepeatedStart text24       1F88
__end_of_I2C_Master_Start         text23       1F91
__end_of_I2C_Master_Stop          text22       1F9A
__end_of_I2C_Master_Wait          text26       1FCA
__end_of_I2C_Master_Write         text21       1FB1
__end_of_RTC_read                 text17       16D0
__end_of_USART_send               text20       1FD9
__end_of_USART_set                text7        144F
__end_of__Umul8_16                text37       10DB
__end_of___bmul                   text19       1052
__end_of___fladd                  text43       0D60
__end_of___fldiv                  text31       1000
__end_of___fleq                   text34       12C2
__end_of___flge                   text39       08AC
__end_of___flmul                  text36       03B0
__end_of___flsub                  text42       10B4
__end_of___fltol                  text16       1541
__end_of___lldiv                  text9        13E2
__end_of___lwdiv                  text41       1274
__end_of___xxtofl                 text38       0AD8
__end_of__initialization          cinit        004B
__end_of__stringtab               strings      1006
__end_of_adc_ch_switch            text15       0963
__end_of_adc_init                 text6        15C1
__end_of_adc_read                 text40       080A
__end_of_bcd_dec                  text18       106E
__end_of_dir_step                 text14       103B
__end_of_eval_poly                text35       1800
__end_of_frexp                    text33       131E
__end_of_int_osc_MHz              text5        11EF
__end_of_log                      text32       07FE
__end_of_main                     maintext     137A
__end_of_map                      text29       0A1C
__end_of_motor_dc                 text13       110A
__end_of_pulse_step               text12       2000
__end_of_pwm_duty_cycle           text11       1090
__end_of_pwm_init                 text4        1230
__end_of_servo                    text10       1178
__end_of_setup                    text1        14C5
__end_of_slave                    text27       06EE
__end_of_tmr0_init                text3        1643
__end_of_tmr0_reload              text2        1F7F
__end_ofi1___fltol                text30       1762
__end_ofi1_tmr0_reload            text28       1F79
__end_oflog@coeff                 strings      102A
__initialization                  cinit        0015
__pbssBANK1                       bssBANK1     00D8
__pbssBANK3                       bssBANK3     01BD
__pcstackBANK0                    cstackBANK0  0020
__pcstackBANK1                    cstackBANK1  00A0
__pcstackBANK3                    cstackBANK3  0190
__pcstackCOMMON                   cstackCOMMON 0070
__pdataBANK1                      dataBANK1    00E4
__pdataBANK3                      dataBANK3    01B2
__pidataBANK1                     idataBANK1   1FB1
__pidataBANK3                     idataBANK3   1F9A
__pintentry                       intentry     0004
__pmaintext                       maintext     131E
__pstrings                        strings      1000
__ptext1                          text1        144F
__ptext10                         text10       113E
__ptext11                         text11       106E
__ptext12                         text12       1FEC
__ptext13                         text13       10DB
__ptext14                         text14       102B
__ptext15                         text15       08AC
__ptext16                         text16       14C5
__ptext17                         text17       1643
__ptext18                         text18       1052
__ptext19                         text19       103B
__ptext2                          text2        1F79
__ptext20                         text20       1FCA
__ptext21                         text21       1FA5
__ptext22                         text22       1F91
__ptext23                         text23       1F88
__ptext24                         text24       1F7F
__ptext25                         text25       110A
__ptext26                         text26       1FBD
__ptext27                         text27       03B0
__ptext28                         text28       1F73
__ptext29                         text29       0963
__ptext3                          text3        15C1
__ptext30                         text30       16D0
__ptext31                         text31       0D60
__ptext32                         text32       06EE
__ptext33                         text33       12C2
__ptext34                         text34       1274
__ptext35                         text35       1762
__ptext36                         text36       004F
__ptext37                         text37       10B4
__ptext38                         text38       0A1C
__ptext39                         text39       080A
__ptext4                          text4        11EF
__ptext40                         text40       0800
__ptext41                         text41       1230
__ptext42                         text42       1090
__ptext43                         text43       0AD8
__ptext5                          text5        11B2
__ptext6                          text6        1541
__ptext7                          text7        13E2
__ptext8                          text8        1178
__ptext9                          text9        137A
__stringbase                      strings      1005
__stringtab                       strings      1000
_adc_ch_switch                    text15       08AC
_adc_init                         text6        1541
_adc_read                         text40       0800
_bcd_dec                          text18       1052
_dir                              bssBANK3     01C4
_dir_step                         text14       102B
_errno                            bssBANK1     00E0
_eval_poly                        text35       1762
_frexp                            text33       12C2
_hrs                              bssBANK3     01C5
_int_osc_MHz                      text5        11B2
_last_hrs                         dataBANK3    01BB
_last_min                         dataBANK3    01BC
_last_mov                         dataBANK3    01B8
_log                              text32       06EE
_logR2                            bssBANK1     00DC
_main                             maintext     131E
_map                              text29       0963
_min                              bssBANK3     01C6
_motor_dc                         text13       10DB
_on                               bssBANK3     01C3
_pulse_step                       text12       1FEC
_pulso                            dataBANK3    01BA
_pwm_duty_cycle                   text11       106E
_pwm_init                         text4        11EF
_servo                            text10       113E
_setup                            text1        144F
_slave                            text27       03B0
_slave$1719                       cstackBANK1  00C8
_slave$1720                       cstackBANK1  00CC
_slave$1721                       cstackBANK1  00D0
_slave$1722                       cstackBANK1  00D4
_switch_servo                     bssBANK3     01C1
_tmr0_init                        text3        15C1
_tmr0_reload                      text2        1F79
adc_ch_switch@channels            cstackBANK3  0192
adc_init@adc_cs                   cstackBANK3  0194
adc_init@vref_minus               cstackBANK3  0191
adc_init@vref_plus                cstackBANK3  0190
bcd_dec@no                        cstackBANK3  0197
btemp                             (abs)        007E
dir_step@dir                      cstackBANK3  0190
end_of_initialization             cinit        004B
eval_poly@d                       cstackBANK0  005C
eval_poly@n                       cstackBANK0  005D
eval_poly@res                     cstackBANK0  0064
eval_poly@x                       cstackBANK0  0058
frexp@eptr                        cstackBANK0  0024
frexp@value                       cstackBANK0  0020
i1___fltol                        text30       16D0
i1___fltol@exp1                   cstackBANK0  006E
i1___fltol@f1                     cstackBANK1  00AD
i1___fltol@sign1                  cstackBANK0  006D
i1_tmr0_reload                    text28       1F73
init_fetch0                       inittext     1FD9
init_ram0                         inittext     1FDD
int_osc_MHz@freq                  cstackBANK3  0192
interrupt_function                intentry     0004
intlevel0                         functab      0000
intlevel1                         functab      0000
intlevel2                         functab      0000
intlevel3                         functab      0000
intlevel4                         functab      0000
intlevel5                         functab      0000
log@coeff                         strings      1006
log@exponent                      cstackBANK0  006D
log@x                             cstackBANK0  0068
map@x                             cstackBANK1  00B6
map@x0                            cstackBANK1  00B8
map@x1                            cstackBANK1  00BA
map@y0                            cstackBANK1  00BC
map@y1                            cstackBANK1  00BE
motor_dc@temp                     cstackBANK3  019B
pulse_step@bt                     cstackBANK3  0190
pulse_step@signal                 cstackBANK3  0192
pwm_duty_cycle@duty_cycle         cstackBANK3  0190
pwm_init@channel                  cstackBANK3  0192
reset_vec                         reset_vec    0000
saved_w                           (abs)        007E
servo@mov                         cstackBANK3  0194
start                             init         0012
start_initialization              cinit        0015
tmr0_init@prescaler               cstackBANK3  0192
wtemp0                            (abs)        007E


MODULE INFORMATION

Module		Function		Class		Link	Load	Size
USART.c
		_USART_set     		CODE           	13E2	0000	109
		_USART_send    		CODE           	1FCA	0000	15

USART.c estimated size: 124

C:\Program Files\Microchip\xc8\v2.35\pic\sources\c90\common\xxtofl.c
		___xxtofl      		CODE           	0A1C	0000	188

C:\Program Files\Microchip\xc8\v2.35\pic\sources\c90\common\xxtofl.c estimated size: 188

C:\Program Files\Microchip\xc8\v2.35\pic\sources\c90\common\lwdiv.c
		___lwdiv       		CODE           	1230	0000	68

C:\Program Files\Microchip\xc8\v2.35\pic\sources\c90\common\lwdiv.c estimated size: 68

C:\Program Files\Microchip\xc8\v2.35\pic\sources\c90\common\fltol.c
		___fltol       		CODE           	14C5	0000	124

C:\Program Files\Microchip\xc8\v2.35\pic\sources\c90\common\fltol.c estimated size: 124

C:\Program Files\Microchip\xc8\v2.35\pic\sources\c90\common\fleq.c
		___fleq        		CODE           	1274	0000	78

C:\Program Files\Microchip\xc8\v2.35\pic\sources\c90\common\fleq.c estimated size: 78

I2C.c
		_I2C_Master_Read		CODE           	110A	0000	52
		_I2C_Master_Wait		CODE           	1FBD	0000	13
		_I2C_Master_Init		CODE           	1178	0000	58
		_I2C_Master_Stop		CODE           	1F91	0000	9
		_I2C_Master_RepeatedStart		CODE           	1F7F	0000	9
		_I2C_Master_Write		CODE           	1FA5	0000	12
		_I2C_Master_Start		CODE           	1F88	0000	9

I2C.c estimated size: 162

C:\Program Files\Microchip\xc8\v2.35\pic\sources\c90\common\Umul8.c
		___bmul        		CODE           	103B	0000	23

C:\Program Files\Microchip\xc8\v2.35\pic\sources\c90\common\Umul8.c estimated size: 23

pwm.c
		_pwm_duty_cycle		CODE           	106E	0000	34
		_pwm_init      		CODE           	11EF	0000	65

pwm.c estimated size: 99

adc.c
		_adc_read      		CODE           	0800	0000	10
		_adc_init      		CODE           	1541	0000	128
		_adc_ch_switch 		CODE           	08AC	0000	183

adc.c estimated size: 321

C:\Program Files\Microchip\xc8\v2.35\pic\sources\c90\common\sprcmul.c
		___flmul       		CODE           	004F	0000	865

C:\Program Files\Microchip\xc8\v2.35\pic\sources\c90\common\sprcmul.c estimated size: 865

C:\Program Files\Microchip\xc8\v2.35\pic\sources\c90\common\__lldiv.c
		___lldiv       		CODE           	137A	0000	104

C:\Program Files\Microchip\xc8\v2.35\pic\sources\c90\common\__lldiv.c estimated size: 104

C:\Program Files\Microchip\xc8\v2.35\pic\sources\c90\common\sprcdiv.c
		___fldiv       		CODE           	0D60	0000	672

C:\Program Files\Microchip\xc8\v2.35\pic\sources\c90\common\sprcdiv.c estimated size: 672

tmr0.c
		_tmr0_reload   		CODE           	1F79	0000	6
		_tmr0_init     		CODE           	15C1	0000	130

tmr0.c estimated size: 136

shared
		__stringtab    		STRING         	1000	0000	6
		i1___fltol     		CODE           	16D0	0000	146
		__initialization		CODE           	0015	0000	54
		i1_tmr0_reload 		CODE           	1F73	0000	6
		log@coeff      		STRING         	1006	0000	36

shared estimated size: 248

C:\Program Files\Microchip\xc8\v2.35\pic\sources\c90\common\evalpoly.c
		_eval_poly     		CODE           	1762	0000	158

C:\Program Files\Microchip\xc8\v2.35\pic\sources\c90\common\evalpoly.c estimated size: 158

C:\Program Files\Microchip\xc8\v2.35\pic\sources\c90\common\Umul8_16.c
		__Umul8_16     		CODE           	10B4	0000	39

C:\Program Files\Microchip\xc8\v2.35\pic\sources\c90\common\Umul8_16.c estimated size: 39

C:\Program Files\Microchip\xc8\v2.35\pic\sources\c90\common\flge.c
		___flge        		CODE           	080A	0000	162

C:\Program Files\Microchip\xc8\v2.35\pic\sources\c90\common\flge.c estimated size: 162

C:\Program Files\Microchip\xc8\v2.35\pic\sources\c90\common\log.c
		_log           		CODE           	06EE	0000	272

C:\Program Files\Microchip\xc8\v2.35\pic\sources\c90\common\log.c estimated size: 272

main_slave_p1.c
		_map           		CODE           	0963	0000	185
		_motor_dc      		CODE           	10DB	0000	47
		_main          		CODE           	131E	0000	92
		_slave         		CODE           	03B0	0000	830
		_pulse_step    		CODE           	1FEC	0000	20
		_servo         		CODE           	113E	0000	58
		_dir_step      		CODE           	102B	0000	16
		_bcd_dec       		CODE           	1052	0000	28
		_setup         		CODE           	144F	0000	118
		_RTC_read      		CODE           	1643	0000	141

main_slave_p1.c estimated size: 1535

osc.c
		_int_osc_MHz   		CODE           	11B2	0000	61

osc.c estimated size: 61

C:\Program Files\Microchip\xc8\v2.35\pic\sources\c90\common\sprcadd.c
		___flsub       		CODE           	1090	0000	36
		___fladd       		CODE           	0AD8	0000	648

C:\Program Files\Microchip\xc8\v2.35\pic\sources\c90\common\sprcadd.c estimated size: 684

C:\Program Files\Microchip\xc8\v2.35\pic\sources\c90\common\frexp.c
		_frexp         		CODE           	12C2	0000	92

C:\Program Files\Microchip\xc8\v2.35\pic\sources\c90\common\frexp.c estimated size: 92

