Microchip MPLAB XC8 Compiler V2.35

Linker command line:

-W-3 --edf=C:\Program Files\Microchip\xc8\v2.35\pic\dat\en_msgs.txt -cn \
  -h+.ca/dist/defaultActiveCA/production\Slave_P1.X.production.sym \
  --cmf=.ca/dist/defaultActiveCA/production\Slave_P1.X.production.cmf -z \
  -Q16F887 -oC:\Users\javyp\AppData\Local\Temp\xcAs8oo.4 \
  --defsym=__MPLAB_BUILD=1 \
  -M.ca/dist/defaultActiveCA/production/Slave_P1.X.production.map \
  --md=C:\Users\javyp\AppData\Local\Temp\xcAs8oo.dat -E1 -ver=XC8 Compiler \
  --acfsm=1493 -ACODE=00h-07FFhx4 -ASTRCODE=00h-01FFFh -ASTRING=00h-0FFhx32 \
  -ACONST=00h-0FFhx32 -AENTRY=00h-0FFhx32 -ACOMMON=070h-07Fh \
  -ABANK0=020h-06Fh -ABANK1=0A0h-0EFh -ABANK2=0110h-016Fh \
  -ABANK3=0190h-01EFh -ARAM=020h-06Fh,0A0h-0EFh,0110h-016Fh,0190h-01EFh \
  -AABS1=020h-07Fh,0A0h-0EFh,0110h-016Fh,0190h-01EFh -ASFR0=00h-01Fh \
  -ASFR1=080h-09Fh -ASFR2=0100h-010Fh -ASFR3=0180h-018Fh \
  -ACONFIG=02007h-02008h -DCONFIG=2 -AIDLOC=02000h-02003h -DIDLOC=2 \
  -AEEDATA=00h-0FFh/02100h -peeprom_data=EEDATA -DEEDATA=2 -DCODE=2 \
  -DSTRCODE=2 -DSTRING=2 -DCONST=2 -DENTRY=2 \
  -preset_vec=00h,intentry=04h,init,end_init -ppowerup=CODE -pcinit=CODE \
  -pfunctab=ENTRY -k C:\Users\javyp\AppData\Local\Temp\xcAs8oo.o \
  .ca/dist/defaultActiveCA/production\Slave_P1.X.production.o 

Object code version is 3.11

Machine type is 16F887



                Name                               Link     Load   Length Selector   Space Scale
C:\Users\javyp\AppData\Local\Temp\xcAs8oo.o
                end_init                             12       12        3        8       0
                reset_vec                             0        0        3        0       0
                config                             2007     2007        2        0       4
                idloc                              2000     2000        4        0       5
.ca/dist/defaultActiveCA/production\Slave_P1.X.production.o
                cinit                                15       15       3F        8       0
                intentry                              4        4        E        8       0
                config                             2007     2007        2        0       4
                idloc                              2000     2000        4        0       5
                text46                              AD8      AD8      288     15B0       0
                text45                             1BD8     1BD8       24     37B0       0
                text44                             1D78     1D78       44     3AF0       0
                text43                             1B2C     1B2C        A     3658       0
                text42                             135B     135B       A2     26B6       0
                text41                             156D     156D       BC     2ADA       0
                text40                             1BFC     1BFC       27     37F8       0
                text39                               54       54      361        8       0
                text38                             12BD     12BD       9E     257A       0
                text37                              807      807       4E     100E       0
                text36                             1E04     1E04       5C     3C08       0
                text35                             16F0     16F0      110     2DE0       0
                text34                              D60      D60      2A0     1AC0       0
                text33                             122B     122B       92     2456       0
                text32                             14B4     14B4       B9     2968       0
                text31                             1AFA     1AFA        6     35F4       0
                text30                              3B5      3B5      341        8       0
                text29                             1B4E     1B4E        D     369C       0
                text28                             1B08     1B08        9     3610       0
                text27                             1B11     1B11        9     3622       0
                text26                             1B36     1B36        C     366C       0
                text25                             1E60     1E60       61     3CC0       0
                text24                             1C52     1C52       34     38A4       0
                text23                             1B1A     1B1A        9     3634       0
                text22                             1B5B     1B5B        F     36B6       0
                text21                             1B7D     1B7D       17     36FA       0
                text20                             1EC1     1EC1       68     3D82       0
                text19                             1DBC     1DBC       48     3B78       0
                text18                              855      855      283     10AA       0
                text17                              6F6      6F6       E9        8       0
                text16                              7DF      7DF       1C        8       0
                text15                             1629     1629       C7     2C52       0
                text14                             102B     102B       7C     2056       0
                text13                             13FD     13FD       B7     27FA       0
                text12                             1C23     1C23       2F     3846       0
                text11                             1B94     1B94       22     3728       0
                text10                             1BB6     1BB6       22     376C       0
                text9                              1C86     1C86       3A     390C       0
                text8                              1CC0     1CC0       3A     3980       0
                text7                              1F93     1F93       6D     3F26       0
                text6                              10A7     10A7       80     214E       0
                text5                              1CFA     1CFA       3D     39F4       0
                text4                              1D37     1D37       41     3A6E       0
                text3                              1127     1127       82     224E       0
                text2                               801      801        6     1002       0
                text1                              11A9     11A9       82     2352       0
                maintext                           1F29     1F29       6A     3E52       0
                cstackBANK0                          20       20       4F       20       1
                cstackCOMMON                         70       70        E       70       1
                cstackBANK1                          A0       A0       38       A0       1
                cstackBANK3                         190      190       44      190       1
                clrtext                            1B00     1B00        8     3600       0
                inittext                           1B6A     1B6A       13     36D4       0
                dataBANK2                           110      110        4      110       1
                dataBANK3                           1E6      1E6        9      190       1
                bssBANK3                            1D4      1D4       12      190       1
                dataBANK1                            E4       E4        C       A0       1
                bssBANK1                             D8       D8        C       A0       1
                strings                            1000     1000       2A     2000       0
                idataBANK3                         1B23     1B23        9     3646       0
                idataBANK2                          7FB      7FB        4        8       0
                idataBANK1                         1B42     1B42        C     3684       0

TOTAL           Name                               Link     Load   Length     Space
        CLASS   CODE           
                end_init                             12       12        3         0
                cinit                                15       15       3F         0
                intentry                              4        4        E         0
                reset_vec                             0        0        3         0
                text46                              AD8      AD8      288         0
                text45                             1BD8     1BD8       24         0
                text44                             1D78     1D78       44         0
                text43                             1B2C     1B2C        A         0
                text42                             135B     135B       A2         0
                text41                             156D     156D       BC         0
                text40                             1BFC     1BFC       27         0
                text39                               54       54      361         0
                text38                             12BD     12BD       9E         0
                text37                              807      807       4E         0
                text36                             1E04     1E04       5C         0
                text35                             16F0     16F0      110         0
                text34                              D60      D60      2A0         0
                text33                             122B     122B       92         0
                text32                             14B4     14B4       B9         0
                text31                             1AFA     1AFA        6         0
                text30                              3B5      3B5      341         0
                text29                             1B4E     1B4E        D         0
                text28                             1B08     1B08        9         0
                text27                             1B11     1B11        9         0
                text26                             1B36     1B36        C         0
                text25                             1E60     1E60       61         0
                text24                             1C52     1C52       34         0
                text23                             1B1A     1B1A        9         0
                text22                             1B5B     1B5B        F         0
                text21                             1B7D     1B7D       17         0
                text20                             1EC1     1EC1       68         0
                text19                             1DBC     1DBC       48         0
                text18                              855      855      283         0
                text17                              6F6      6F6       E9         0
                text16                              7DF      7DF       1C         0
                text15                             1629     1629       C7         0
                text14                             102B     102B       7C         0
                text13                             13FD     13FD       B7         0
                text12                             1C23     1C23       2F         0
                text11                             1B94     1B94       22         0
                text10                             1BB6     1BB6       22         0
                text9                              1C86     1C86       3A         0
                text8                              1CC0     1CC0       3A         0
                text7                              1F93     1F93       6D         0
                text6                              10A7     10A7       80         0
                text5                              1CFA     1CFA       3D         0
                text4                              1D37     1D37       41         0
                text3                              1127     1127       82         0
                text2                               801      801        6         0
                text1                              11A9     11A9       82         0
                maintext                           1F29     1F29       6A         0
                clrtext                            1B00     1B00        8         0
                inittext                           1B6A     1B6A       13         0
                idataBANK3                         1B23     1B23        9         0
                idataBANK2                          7FB      7FB        4         0
                idataBANK1                         1B42     1B42        C         0

        CLASS   STRCODE        

        CLASS   STRING         
                strings                            1000     1000       2A         0

        CLASS   CONST          

        CLASS   ENTRY          

        CLASS   COMMON         
                cstackCOMMON                         70       70        E         1

        CLASS   BANK0          
                cstackBANK0                          20       20       4F         1

        CLASS   BANK1          
                cstackBANK1                          A0       A0       38         1
                dataBANK1                            E4       E4        C         1
                bssBANK1                             D8       D8        C         1

        CLASS   BANK2          
                dataBANK2                           110      110        4         1

        CLASS   BANK3          
                cstackBANK3                         190      190       44         1
                dataBANK3                           1E6      1E6        9         1
                bssBANK3                            1D4      1D4       12         1

        CLASS   RAM            

        CLASS   ABS1           
                abs_s1                               7E       7E        2         1

        CLASS   SFR0           

        CLASS   SFR1           

        CLASS   SFR2           

        CLASS   SFR3           

        CLASS   CONFIG         
                config                             2007     2007        2         4

        CLASS   IDLOC          
                idloc                              2000     2000        4         5

        CLASS   EEDATA         

        CLASS   STACK          



SEGMENTS        Name                           Load    Length   Top    Selector   Space  Class     Delta

                reset_vec                      000000  000003  000003         0       0  CODE        2
                intentry                       000004  0007FB  0007FF         8       0  CODE        2
                cstackBANK0                    000020  00004F  00006F        20       1  BANK0       1
                cstackCOMMON                   000070  00000E  00007E        70       1  COMMON      1
                cstackBANK1                    0000A0  000050  0000F0        A0       1  BANK1       1
                dataBANK2                      000110  000004  000114       110       1  BANK2       1
                cstackBANK3                    000190  00005F  0001EF       190       1  BANK3       1
                text2                          000801  000006  000807      1002       0  CODE        2
                text37                         000807  00004E  000855      100E       0  CODE        2
                text18                         000855  000283  000AD8      10AA       0  CODE        2
                text46                         000AD8  000288  000D60      15B0       0  CODE        2
                text34                         000D60  0002A0  001000      1AC0       0  CODE        2
                strings                        001000  00002A  00102A      2000       0  STRING      2
                text14                         00102B  00007C  0010A7      2056       0  CODE        2
                text6                          0010A7  000080  001127      214E       0  CODE        2
                text3                          001127  000082  0011A9      224E       0  CODE        2
                text1                          0011A9  000082  00122B      2352       0  CODE        2
                text33                         00122B  000092  0012BD      2456       0  CODE        2
                text38                         0012BD  00009E  00135B      257A       0  CODE        2
                text42                         00135B  0000A2  0013FD      26B6       0  CODE        2
                text13                         0013FD  0000B7  0014B4      27FA       0  CODE        2
                text32                         0014B4  0000B9  00156D      2968       0  CODE        2
                text41                         00156D  0000BC  001629      2ADA       0  CODE        2
                text15                         001629  0000C7  0016F0      2C52       0  CODE        2
                text35                         0016F0  000110  001800      2DE0       0  CODE        2
                text31                         001AFA  000006  001B00      35F4       0  CODE        2
                clrtext                        001B00  000008  001B08      3600       0  CODE        2
                text28                         001B08  000009  001B11      3610       0  CODE        2
                text27                         001B11  000009  001B1A      3622       0  CODE        2
                text23                         001B1A  000009  001B23      3634       0  CODE        2
                idataBANK3                     001B23  000009  001B2C      3646       0  CODE        2
                text43                         001B2C  00000A  001B36      3658       0  CODE        2
                text26                         001B36  00000C  001B42      366C       0  CODE        2
                idataBANK1                     001B42  00000C  001B4E      3684       0  CODE        2
                text29                         001B4E  00000D  001B5B      369C       0  CODE        2
                text22                         001B5B  00000F  001B6A      36B6       0  CODE        2
                inittext                       001B6A  000013  001B7D      36D4       0  CODE        2
                text21                         001B7D  000017  001B94      36FA       0  CODE        2
                text11                         001B94  000022  001BB6      3728       0  CODE        2
                text10                         001BB6  000022  001BD8      376C       0  CODE        2
                text45                         001BD8  000024  001BFC      37B0       0  CODE        2
                text40                         001BFC  000027  001C23      37F8       0  CODE        2
                text12                         001C23  00002F  001C52      3846       0  CODE        2
                text24                         001C52  000034  001C86      38A4       0  CODE        2
                text9                          001C86  00003A  001CC0      390C       0  CODE        2
                text8                          001CC0  00003A  001CFA      3980       0  CODE        2
                text5                          001CFA  00003D  001D37      39F4       0  CODE        2
                text4                          001D37  000041  001D78      3A6E       0  CODE        2
                text44                         001D78  000044  001DBC      3AF0       0  CODE        2
                text19                         001DBC  000048  001E04      3B78       0  CODE        2
                text36                         001E04  00005C  001E60      3C08       0  CODE        2
                text25                         001E60  000061  001EC1      3CC0       0  CODE        2
                text20                         001EC1  000068  001F29      3D82       0  CODE        2
                maintext                       001F29  00006A  001F93      3E52       0  CODE        2
                text7                          001F93  00006D  002000      3F26       0  CODE        2


UNUSED ADDRESS RANGES

        Name                Unused          Largest block    Delta
        BANK0            006F-006F              1           1
        BANK2            0114-016F             5C           1
        BANK3            01EF-01EF              1           1
        CODE             0003-0003              1           2
                         07FF-0800              1
                         102A-102A              1
                         1800-1AF9            2FA
        CONST            0003-0003              1           2
                         07FF-0800              1
                         102A-102A              1
                         1800-1AF9            100
        EEDATA           2100-21FF            100           2
        ENTRY            0003-0003              1           2
                         07FF-0800              1
                         102A-102A              1
                         1800-1AF9            100
        RAM              006F-006F              1           1
                         0114-016F             5C
                         01EF-01EF              1
        SFR0             0000-001F             20           1
        SFR1             0080-009F             20           1
        SFR2             0100-010F             10           1
        SFR3             0180-018F             10           1
        STRCODE          0003-0003              1           2
                         07FF-0800              2
                         102A-102A              1
                         1800-1AF9            2FA
        STRING           0003-0003              1           2
                         07FF-0800              1
                         102A-102A              1
                         1800-1AF9            100

                                  Symbol Table

?_I2C_Master_Read                 cstackBANK3  0190
?__Umul8_16                       cstackCOMMON 0070
?___fladd                         cstackBANK0  002A
?___fldiv                         cstackBANK0  0058
?___flmul                         cstackBANK0  003E
?___flsub                         cstackBANK0  0065
?___fltol                         cstackBANK3  0190
?___lldiv                         cstackBANK3  0190
?___lmul                          cstackBANK3  0190
?___lwdiv                         cstackCOMMON 0070
?___xxtofl                        cstackCOMMON 0079
?_adc_read                        cstackCOMMON 0070
?_calculateLux                    cstackBANK3  019E
?_eval_poly                       cstackBANK0  0058
?_frexp                           cstackBANK0  0020
?_log                             cstackBANK0  0068
?_map                             cstackBANK1  00B6
?i1___fltol                       cstackBANK1  00AD
I2C_Master_Init@c                 cstackBANK3  019E
I2C_Master_Read@a                 cstackBANK3  0190
I2C_Master_Read@temp              cstackBANK3  0194
I2C_Master_Write@d                cstackBANK3  0190
USART_send@data                   cstackBANK3  0190
USART_set@baudrate                cstackBANK3  019E
_A                                dataBANK1    00E4
_ADCON0bits                       (abs)        001F
_ADCON1bits                       (abs)        009F
_ADRESH                           (abs)        001E
_ADRESL                           (abs)        009E
_ANSEL                            (abs)        0188
_ANSELH                           (abs)        0189
_B                                dataBANK1    00EC
_BAUDCTLbits                      (abs)        0187
_C                                dataBANK2    0110
_CCP1CON                          (abs)        0017
_CCP1CONbits                      (abs)        0017
_CCP2CON                          (abs)        001D
_CCP2CONbits                      (abs)        001D
_CCPR1L                           (abs)        0015
_CH0                              bssBANK3     01DA
_CH1                              bssBANK3     01D8
_I2C_Master_Init                  text8        1CC0
_I2C_Master_Read                  text24       1C52
_I2C_Master_RepeatedStart         text23       1B1A
_I2C_Master_Start                 text28       1B08
_I2C_Master_Stop                  text27       1B11
_I2C_Master_Wait                  text29       1B4E
_I2C_Master_Write                 text26       1B36
_INTCONbits                       (abs)        000B
_IOCBbits                         (abs)        0096
_LUX                              bssBANK3     01DE
_LUX_config                       text25       1E60
_LUX_read                         text17       06F6
_OLD_TEMP                         dataBANK3    01E6
_OPTION_REGbits                   (abs)        0081
_OSCCONbits                       (abs)        008F
_PIE1bits                         (abs)        008C
_PIR1bits                         (abs)        000C
_PORTAbits                        (abs)        0005
_PORTBbits                        (abs)        0006
_PORTDbits                        (abs)        0008
_PR2                              (abs)        0092
_R1                               dataBANK1    00E8
_R2                               bssBANK1     00D8
_RCSTAbits                        (abs)        0018
_RTC_read                         text15       1629
_SPBRG                            (abs)        0099
_SPBRGH                           (abs)        009A
_SSPADD                           (abs)        0093
_SSPBUF                           (abs)        0013
_SSPCON                           (abs)        0014
_SSPCON2                          (abs)        0091
_SSPCON2bits                      (abs)        0091
_SSPSTAT                          (abs)        0094
_T2CONbits                        (abs)        0012
_TC                               bssBANK3     01D4
_TEMP_POT                         bssBANK1     00E2
_TMR0                             (abs)        0001
_TRISAbits                        (abs)        0085
_TRISBbits                        (abs)        0086
_TRISCbits                        (abs)        0087
_TRISDbits                        (abs)        0088
_TXREG                            (abs)        0019
_TXSTAbits                        (abs)        0098
_USART_send                       text22       1B5B
_USART_set                        text7        1F93
_WPUBbits                         (abs)        0095
__Habs1                           abs1         0000
__Hbank0                          bank0        0000
__Hbank1                          bank1        0000
__Hbank2                          bank2        0000
__Hbank3                          bank3        0000
__HbssBANK1                       bssBANK1     0000
__HbssBANK3                       bssBANK3     0000
__Hcinit                          cinit        0054
__Hclrtext                        clrtext      0000
__Hcode                           code         0000
__Hcommon                         common       0000
__Hconfig                         config       2009
__HcstackBANK0                    cstackBANK0  0000
__HcstackBANK1                    cstackBANK1  0000
__HcstackBANK3                    cstackBANK3  0000
__HcstackCOMMON                   cstackCOMMON 0000
__HdataBANK1                      dataBANK1    0000
__HdataBANK2                      dataBANK2    0000
__HdataBANK3                      dataBANK3    0000
__Heeprom_data                    eeprom_data  0000
__Hend_init                       end_init     0015
__Hfunctab                        functab      0000
__HidataBANK1                     idataBANK1   0000
__HidataBANK2                     idataBANK2   0000
__HidataBANK3                     idataBANK3   0000
__Hidloc                          idloc        2004
__Hinit                           init         0012
__Hinittext                       inittext     0000
__Hintentry                       intentry     0012
__Hmaintext                       maintext     0000
__Hpowerup                        powerup      0000
__Hram                            ram          0000
__Hreset_vec                      reset_vec    0003
__Hsfr0                           sfr0         0000
__Hsfr1                           sfr1         0000
__Hsfr2                           sfr2         0000
__Hsfr3                           sfr3         0000
__Hspace_0                        (abs)        2000
__Hspace_1                        (abs)        01EF
__Hspace_2                        (abs)        0000
__Hspace_3                        (abs)        0000
__Hspace_4                        (abs)        4010
__Hstack                          stack        0000
__Hstrings                        strings      0000
__Htext                           text         0000
__Labs1                           abs1         0000
__Lbank0                          bank0        0000
__Lbank1                          bank1        0000
__Lbank2                          bank2        0000
__Lbank3                          bank3        0000
__LbssBANK1                       bssBANK1     0000
__LbssBANK3                       bssBANK3     0000
__Lcinit                          cinit        0015
__Lclrtext                        clrtext      0000
__Lcode                           code         0000
__Lcommon                         common       0000
__Lconfig                         config       0000
__LcstackBANK0                    cstackBANK0  0000
__LcstackBANK1                    cstackBANK1  0000
__LcstackBANK3                    cstackBANK3  0000
__LcstackCOMMON                   cstackCOMMON 0000
__LdataBANK1                      dataBANK1    0000
__LdataBANK2                      dataBANK2    0000
__LdataBANK3                      dataBANK3    0000
__Leeprom_data                    eeprom_data  0000
__Lend_init                       end_init     0012
__Lfunctab                        functab      0000
__LidataBANK1                     idataBANK1   0000
__LidataBANK2                     idataBANK2   0000
__LidataBANK3                     idataBANK3   0000
__Lidloc                          idloc        0000
__Linit                           init         0012
__Linittext                       inittext     0000
__Lintentry                       intentry     0004
__Lmaintext                       maintext     0000
__Lpowerup                        powerup      0000
__Lram                            ram          0000
__Lreset_vec                      reset_vec    0000
__Lsfr0                           sfr0         0000
__Lsfr1                           sfr1         0000
__Lsfr2                           sfr2         0000
__Lsfr3                           sfr3         0000
__Lspace_0                        (abs)        0000
__Lspace_1                        (abs)        0000
__Lspace_2                        (abs)        0000
__Lspace_3                        (abs)        0000
__Lspace_4                        (abs)        0000
__Lstack                          stack        0000
__Lstrings                        strings      0000
__Ltext                           text         0000
__S0                              (abs)        2000
__S1                              (abs)        01EF
__S3                              (abs)        0000
__Umul8_16                        text40       1BFC
__Umul8_16@multiplicand           cstackCOMMON 0070
__Umul8_16@multiplier             cstackCOMMON 0078
__Umul8_16@product                cstackCOMMON 0074
__Umul8_16@word_mpld              cstackCOMMON 0076
___bmul                           text21       1B7D
___bmul@multiplicand              cstackBANK3  01C6
___bmul@multiplier                cstackBANK3  01C9
___bmul@product                   cstackBANK3  01C8
___fladd                          text46       0AD8
___fladd@a                        cstackBANK0  002E
___fladd@aexp                     cstackBANK0  003B
___fladd@b                        cstackBANK0  002A
___fladd@bexp                     cstackBANK0  003C
___fladd@grs                      cstackBANK0  003D
___fladd@signs                    cstackBANK0  003A
___fldiv                          text34       0D60
___fldiv@a                        cstackBANK0  0058
___fldiv@aexp                     cstackBANK1  00AC
___fldiv@b                        cstackBANK0  005C
___fldiv@bexp                     cstackBANK1  00AB
___fldiv@grs                      cstackBANK1  00A7
___fldiv@new_exp                  cstackBANK1  00A5
___fldiv@rem                      cstackBANK1  00A0
___fldiv@sign                     cstackBANK1  00A4
___fleq                           text37       0807
___fleq@ff1                       cstackCOMMON 0070
___fleq@ff2                       cstackCOMMON 0074
___flge                           text42       135B
___flge@ff1                       cstackCOMMON 0070
___flge@ff2                       cstackCOMMON 0074
___flmul                          text39       0054
___flmul@a                        cstackBANK0  0042
___flmul@aexp                     cstackBANK0  0050
___flmul@b                        cstackBANK0  003E
___flmul@bexp                     cstackBANK0  0051
___flmul@grs                      cstackBANK0  004C
___flmul@prod                     cstackBANK0  0052
___flmul@sign                     cstackBANK0  004B
___flmul@temp                     cstackBANK0  0056
___flsub                          text45       1BD8
___flsub@a                        cstackBANK0  0065
___flsub@b                        cstackBANK0  0069
___fltol                          text14       102B
___fltol@exp1                     cstackBANK3  019A
___fltol@f1                       cstackBANK3  0190
___fltol@sign1                    cstackBANK3  0199
___int_sp                         stack        0000
___latbits                        (abs)        0002
___lldiv                          text20       1EC1
___lldiv@counter                  cstackBANK3  019D
___lldiv@dividend                 cstackBANK3  0194
___lldiv@divisor                  cstackBANK3  0190
___lldiv@quotient                 cstackBANK3  0199
___lmul                           text19       1DBC
___lmul@multiplicand              cstackBANK3  0194
___lmul@multiplier                cstackBANK3  0190
___lmul@product                   cstackBANK3  0199
___lwdiv                          text44       1D78
___lwdiv@counter                  cstackCOMMON 0077
___lwdiv@dividend                 cstackCOMMON 0072
___lwdiv@divisor                  cstackCOMMON 0070
___lwdiv@quotient                 cstackCOMMON 0075
___sp                             stack        0000
___stackhi                        (abs)        0000
___stacklo                        (abs)        0000
___xxtofl                         text41       156D
___xxtofl@arg                     cstackBANK0  0026
___xxtofl@exp                     cstackBANK0  0025
___xxtofl@sign                    cstackBANK0  0024
___xxtofl@val                     cstackCOMMON 0079
__end_of_I2C_Master_Init          text8        1CFA
__end_of_I2C_Master_Read          text24       1C86
__end_of_I2C_Master_RepeatedStart text23       1B23
__end_of_I2C_Master_Start         text28       1B11
__end_of_I2C_Master_Stop          text27       1B1A
__end_of_I2C_Master_Wait          text29       1B5B
__end_of_I2C_Master_Write         text26       1B42
__end_of_LUX_config               text25       1EC1
__end_of_LUX_read                 text17       07DF
__end_of_RTC_read                 text15       16F0
__end_of_USART_send               text22       1B6A
__end_of_USART_set                text7        2000
__end_of__Umul8_16                text40       1C23
__end_of___bmul                   text21       1B94
__end_of___fladd                  text46       0D60
__end_of___fldiv                  text34       1000
__end_of___fleq                   text37       0855
__end_of___flge                   text42       13FD
__end_of___flmul                  text39       03B5
__end_of___flsub                  text45       1BFC
__end_of___fltol                  text14       10A7
__end_of___lldiv                  text20       1F29
__end_of___lmul                   text19       1E04
__end_of___lwdiv                  text44       1DBC
__end_of___xxtofl                 text41       1629
__end_of__initialization          cinit        0050
__end_of__stringtab               strings      1006
__end_of_adc_ch_switch            text13       14B4
__end_of_adc_init                 text6        1127
__end_of_adc_read                 text43       1B36
__end_of_bcd_dec                  text16       07FB
__end_of_calculateLux             text18       0AD8
__end_of_eval_poly                text38       135B
__end_of_frexp                    text36       1E60
__end_of_int_osc_MHz              text5        1D37
__end_of_log                      text35       1800
__end_of_main                     maintext     1F93
__end_of_map                      text32       156D
__end_of_motor_dc                 text12       1C52
__end_of_pulse_step               text11       1BB6
__end_of_pwm_duty_cycle           text10       1BD8
__end_of_pwm_init                 text4        1D78
__end_of_servo                    text9        1CC0
__end_of_setup                    text1        122B
__end_of_slave                    text30       06F6
__end_of_tmr0_init                text3        11A9
__end_of_tmr0_reload              text2        0807
__end_ofi1___fltol                text33       12BD
__end_ofi1_tmr0_reload            text31       1B00
__end_oflog@coeff                 strings      102A
__initialization                  cinit        0015
__pbssBANK1                       bssBANK1     00D8
__pbssBANK3                       bssBANK3     01D4
__pcstackBANK0                    cstackBANK0  0020
__pcstackBANK1                    cstackBANK1  00A0
__pcstackBANK3                    cstackBANK3  0190
__pcstackCOMMON                   cstackCOMMON 0070
__pdataBANK1                      dataBANK1    00E4
__pdataBANK2                      dataBANK2    0110
__pdataBANK3                      dataBANK3    01E6
__pidataBANK1                     idataBANK1   1B42
__pidataBANK2                     idataBANK2   07FB
__pidataBANK3                     idataBANK3   1B23
__pintentry                       intentry     0004
__pmaintext                       maintext     1F29
__pstrings                        strings      1000
__ptext1                          text1        11A9
__ptext10                         text10       1BB6
__ptext11                         text11       1B94
__ptext12                         text12       1C23
__ptext13                         text13       13FD
__ptext14                         text14       102B
__ptext15                         text15       1629
__ptext16                         text16       07DF
__ptext17                         text17       06F6
__ptext18                         text18       0855
__ptext19                         text19       1DBC
__ptext2                          text2        0801
__ptext20                         text20       1EC1
__ptext21                         text21       1B7D
__ptext22                         text22       1B5B
__ptext23                         text23       1B1A
__ptext24                         text24       1C52
__ptext25                         text25       1E60
__ptext26                         text26       1B36
__ptext27                         text27       1B11
__ptext28                         text28       1B08
__ptext29                         text29       1B4E
__ptext3                          text3        1127
__ptext30                         text30       03B5
__ptext31                         text31       1AFA
__ptext32                         text32       14B4
__ptext33                         text33       122B
__ptext34                         text34       0D60
__ptext35                         text35       16F0
__ptext36                         text36       1E04
__ptext37                         text37       0807
__ptext38                         text38       12BD
__ptext39                         text39       0054
__ptext4                          text4        1D37
__ptext40                         text40       1BFC
__ptext41                         text41       156D
__ptext42                         text42       135B
__ptext43                         text43       1B2C
__ptext44                         text44       1D78
__ptext45                         text45       1BD8
__ptext46                         text46       0AD8
__ptext5                          text5        1CFA
__ptext6                          text6        10A7
__ptext7                          text7        1F93
__ptext8                          text8        1CC0
__ptext9                          text9        1C86
__stringbase                      strings      1005
__stringtab                       strings      1000
_adc_ch_switch                    text13       13FD
_adc_init                         text6        10A7
_adc_read                         text43       1B2C
_bcd_dec                          text16       07DF
_calculateLux                     text18       0855
_dir                              dataBANK3    01EB
_errno                            bssBANK1     00E0
_eval_poly                        text38       12BD
_frexp                            text36       1E04
_highCH0                          bssBANK3     01E1
_highCH1                          bssBANK3     01DF
_hrs                              bssBANK3     01E3
_int_osc_MHz                      text5        1CFA
_last_LUX                         dataBANK3    01EA
_last_hrs                         dataBANK3    01ED
_last_min                         dataBANK3    01EE
_last_mov                         dataBANK3    01E8
_log                              text35       16F0
_logR2                            bssBANK1     00DC
_lowCH0                           bssBANK3     01E2
_lowCH1                           bssBANK3     01E0
_main                             maintext     1F29
_map                              text32       14B4
_min                              bssBANK3     01E4
_motor_dc                         text12       1C23
_p                                bssBANK3     01E5
_pulse_step                       text11       1B94
_pulso                            dataBANK3    01EC
_pwm_duty_cycle                   text10       1BB6
_pwm_init                         text4        1D37
_servo                            text9        1C86
_setup                            text1        11A9
_slave                            text30       03B5
_slave$1780                       cstackBANK1  00C8
_slave$1781                       cstackBANK1  00CC
_slave$1782                       cstackBANK1  00D0
_slave$1783                       cstackBANK1  00D4
_switch_servo                     bssBANK3     01DC
_tmr0_init                        text3        1127
_tmr0_reload                      text2        0801
adc_ch_switch@channels            cstackBANK3  0192
adc_init@adc_cs                   cstackBANK3  0194
adc_init@vref_minus               cstackBANK3  0191
adc_init@vref_plus                cstackBANK3  0190
bcd_dec@no                        cstackBANK3  01CD
btemp                             (abs)        007E
calculateLux@b                    cstackBANK3  01B2
calculateLux@broadband            cstackBANK3  019E
calculateLux@chScale              cstackBANK3  01B6
calculateLux@channel0             cstackBANK3  01BE
calculateLux@channel1             cstackBANK3  01BA
calculateLux@ir                   cstackBANK3  01A0
calculateLux@lux                  cstackBANK3  01A6
calculateLux@m                    cstackBANK3  01B4
calculateLux@ratio                cstackBANK3  01C2
calculateLux@ratio1               cstackBANK3  01AA
calculateLux@temp                 cstackBANK3  01AE
clear_ram0                        clrtext      1B00
end_of_initialization             cinit        0050
eval_poly@d                       cstackBANK0  005C
eval_poly@n                       cstackBANK0  005D
eval_poly@res                     cstackBANK0  0064
eval_poly@x                       cstackBANK0  0058
frexp@eptr                        cstackBANK0  0024
frexp@value                       cstackBANK0  0020
i1___fltol                        text33       122B
i1___fltol@exp1                   cstackBANK0  006E
i1___fltol@f1                     cstackBANK1  00AD
i1___fltol@sign1                  cstackBANK0  006D
i1_tmr0_reload                    text31       1AFA
init_fetch0                       inittext     1B6A
init_ram0                         inittext     1B6E
int_osc_MHz@freq                  cstackBANK3  0192
interrupt_function                intentry     0004
intlevel0                         functab      0000
intlevel1                         functab      0000
intlevel2                         functab      0000
intlevel3                         functab      0000
intlevel4                         functab      0000
intlevel5                         functab      0000
log@coeff                         strings      1006
log@exponent                      cstackBANK0  006D
log@x                             cstackBANK0  0068
map@x                             cstackBANK1  00B6
map@x0                            cstackBANK1  00B8
map@x1                            cstackBANK1  00BA
map@y0                            cstackBANK1  00BC
map@y1                            cstackBANK1  00BE
motor_dc@temp                     cstackBANK3  019B
pulse_step@bt                     cstackBANK3  0190
pulse_step@signal                 cstackBANK3  0192
pwm_duty_cycle@duty_cycle         cstackBANK3  0190
pwm_init@channel                  cstackBANK3  0192
reset_vec                         reset_vec    0000
saved_w                           (abs)        007E
servo@mov                         cstackBANK3  0194
start                             init         0012
start_initialization              cinit        0015
tmr0_init@prescaler               cstackBANK3  0192
wtemp0                            (abs)        007E


MODULE INFORMATION

Module		Function		Class		Link	Load	Size
USART.c
		_USART_set     		CODE           	1F93	0000	109
		_USART_send    		CODE           	1B5B	0000	15

USART.c estimated size: 124

C:\Program Files\Microchip\xc8\v2.35\pic\sources\c90\common\Umul32.c
		___lmul        		CODE           	1DBC	0000	72

C:\Program Files\Microchip\xc8\v2.35\pic\sources\c90\common\Umul32.c estimated size: 72

C:\Program Files\Microchip\xc8\v2.35\pic\sources\c90\common\xxtofl.c
		___xxtofl      		CODE           	156D	0000	188

C:\Program Files\Microchip\xc8\v2.35\pic\sources\c90\common\xxtofl.c estimated size: 188

C:\Program Files\Microchip\xc8\v2.35\pic\sources\c90\common\lwdiv.c
		___lwdiv       		CODE           	1D78	0000	68

C:\Program Files\Microchip\xc8\v2.35\pic\sources\c90\common\lwdiv.c estimated size: 68

C:\Program Files\Microchip\xc8\v2.35\pic\sources\c90\common\fltol.c
		___fltol       		CODE           	102B	0000	124

C:\Program Files\Microchip\xc8\v2.35\pic\sources\c90\common\fltol.c estimated size: 124

C:\Program Files\Microchip\xc8\v2.35\pic\sources\c90\common\fleq.c
		___fleq        		CODE           	0807	0000	78

C:\Program Files\Microchip\xc8\v2.35\pic\sources\c90\common\fleq.c estimated size: 78

I2C.c
		_I2C_Master_Read		CODE           	1C52	0000	52
		_I2C_Master_Wait		CODE           	1B4E	0000	13
		_I2C_Master_Init		CODE           	1CC0	0000	58
		_I2C_Master_Stop		CODE           	1B11	0000	9
		_I2C_Master_RepeatedStart		CODE           	1B1A	0000	9
		_I2C_Master_Write		CODE           	1B36	0000	12
		_I2C_Master_Start		CODE           	1B08	0000	9

I2C.c estimated size: 162

C:\Program Files\Microchip\xc8\v2.35\pic\sources\c90\common\Umul8.c
		___bmul        		CODE           	1B7D	0000	23

C:\Program Files\Microchip\xc8\v2.35\pic\sources\c90\common\Umul8.c estimated size: 23

pwm.c
		_pwm_duty_cycle		CODE           	1BB6	0000	34
		_pwm_init      		CODE           	1D37	0000	65

pwm.c estimated size: 99

adc.c
		_adc_read      		CODE           	1B2C	0000	10
		_adc_init      		CODE           	10A7	0000	128
		_adc_ch_switch 		CODE           	13FD	0000	183

adc.c estimated size: 321

C:\Program Files\Microchip\xc8\v2.35\pic\sources\c90\common\sprcmul.c
		___flmul       		CODE           	0054	0000	865

C:\Program Files\Microchip\xc8\v2.35\pic\sources\c90\common\sprcmul.c estimated size: 865

C:\Program Files\Microchip\xc8\v2.35\pic\sources\c90\common\__lldiv.c
		___lldiv       		CODE           	1EC1	0000	104

C:\Program Files\Microchip\xc8\v2.35\pic\sources\c90\common\__lldiv.c estimated size: 104

C:\Program Files\Microchip\xc8\v2.35\pic\sources\c90\common\sprcdiv.c
		___fldiv       		CODE           	0D60	0000	672

C:\Program Files\Microchip\xc8\v2.35\pic\sources\c90\common\sprcdiv.c estimated size: 672

tmr0.c
		_tmr0_reload   		CODE           	0801	0000	6
		_tmr0_init     		CODE           	1127	0000	130

tmr0.c estimated size: 136

shared
		__stringtab    		STRING         	1000	0000	6
		i1___fltol     		CODE           	122B	0000	146
		__initialization		CODE           	0015	0000	59
		i1_tmr0_reload 		CODE           	1AFA	0000	6
		log@coeff      		STRING         	1006	0000	36

shared estimated size: 253

C:\Program Files\Microchip\xc8\v2.35\pic\sources\c90\common\evalpoly.c
		_eval_poly     		CODE           	12BD	0000	158

C:\Program Files\Microchip\xc8\v2.35\pic\sources\c90\common\evalpoly.c estimated size: 158

C:\Program Files\Microchip\xc8\v2.35\pic\sources\c90\common\Umul8_16.c
		__Umul8_16     		CODE           	1BFC	0000	39

C:\Program Files\Microchip\xc8\v2.35\pic\sources\c90\common\Umul8_16.c estimated size: 39

tsl2561.c
		_calculateLux  		CODE           	0855	0000	643

tsl2561.c estimated size: 643

C:\Program Files\Microchip\xc8\v2.35\pic\sources\c90\common\flge.c
		___flge        		CODE           	135B	0000	162

C:\Program Files\Microchip\xc8\v2.35\pic\sources\c90\common\flge.c estimated size: 162

C:\Program Files\Microchip\xc8\v2.35\pic\sources\c90\common\log.c
		_log           		CODE           	16F0	0000	272

C:\Program Files\Microchip\xc8\v2.35\pic\sources\c90\common\log.c estimated size: 272

main_slave_p1.c
		_map           		CODE           	14B4	0000	185
		_motor_dc      		CODE           	1C23	0000	47
		_main          		CODE           	1F29	0000	106
		_slave         		CODE           	03B5	0000	833
		_pulse_step    		CODE           	1B94	0000	34
		_LUX_config    		CODE           	1E60	0000	97
		_servo         		CODE           	1C86	0000	58
		_LUX_read      		CODE           	06F6	0000	233
		_bcd_dec       		CODE           	07DF	0000	28
		_setup         		CODE           	11A9	0000	130
		_RTC_read      		CODE           	1629	0000	199

main_slave_p1.c estimated size: 1950

osc.c
		_int_osc_MHz   		CODE           	1CFA	0000	61

osc.c estimated size: 61

C:\Program Files\Microchip\xc8\v2.35\pic\sources\c90\common\sprcadd.c
		___flsub       		CODE           	1BD8	0000	36
		___fladd       		CODE           	0AD8	0000	648

C:\Program Files\Microchip\xc8\v2.35\pic\sources\c90\common\sprcadd.c estimated size: 684

C:\Program Files\Microchip\xc8\v2.35\pic\sources\c90\common\frexp.c
		_frexp         		CODE           	1E04	0000	92

C:\Program Files\Microchip\xc8\v2.35\pic\sources\c90\common\frexp.c estimated size: 92

