Microchip MPLAB XC8 Compiler V2.35

Linker command line:

-W-3 --edf=C:\Program Files\Microchip\xc8\v2.35\pic\dat\en_msgs.txt -cn \
  -h+.ca/dist/Config_1/production\Slave_P1.X.production.sym \
  --cmf=.ca/dist/Config_1/production\Slave_P1.X.production.cmf -z -Q16F887 \
  -oC:\Users\javyp\AppData\Local\Temp\xcAsl7g.4 --defsym=__MPLAB_BUILD=1 \
  -M.ca/dist/Config_1/production/Slave_P1.X.production.map \
  --md=C:\Users\javyp\AppData\Local\Temp\xcAsl7g.dat -E1 -ver=XC8 Compiler \
  --acfsm=1493 -ACODE=00h-07FFhx4 -ASTRCODE=00h-01FFFh -ASTRING=00h-0FFhx32 \
  -ACONST=00h-0FFhx32 -AENTRY=00h-0FFhx32 -ACOMMON=070h-07Fh \
  -ABANK0=020h-06Fh -ABANK1=0A0h-0EFh -ABANK2=0110h-016Fh \
  -ABANK3=0190h-01EFh -ARAM=020h-06Fh,0A0h-0EFh,0110h-016Fh,0190h-01EFh \
  -AABS1=020h-07Fh,0A0h-0EFh,0110h-016Fh,0190h-01EFh -ASFR0=00h-01Fh \
  -ASFR1=080h-09Fh -ASFR2=0100h-010Fh -ASFR3=0180h-018Fh \
  -ACONFIG=02007h-02008h -DCONFIG=2 -AIDLOC=02000h-02003h -DIDLOC=2 \
  -AEEDATA=00h-0FFh/02100h -peeprom_data=EEDATA -DEEDATA=2 -DCODE=2 \
  -DSTRCODE=2 -DSTRING=2 -DCONST=2 -DENTRY=2 \
  -preset_vec=00h,intentry=04h,init,end_init -ppowerup=CODE -pcinit=CODE \
  -pfunctab=ENTRY -k C:\Users\javyp\AppData\Local\Temp\xcAsl7g.o \
  .ca/dist/Config_1/production\Slave_P1.X.production.o 

Object code version is 3.11

Machine type is 16F887



                Name                               Link     Load   Length Selector   Space Scale
C:\Users\javyp\AppData\Local\Temp\xcAsl7g.o
                end_init                             12       12        3        8       0
                reset_vec                             0        0        3        0       0
                config                             2007     2007        2        0       4
                idloc                              2000     2000        4        0       5
.ca/dist/Config_1/production\Slave_P1.X.production.o
                cinit                                15       15       3D        8       0
                intentry                              4        4        E        8       0
                config                             2007     2007        2        0       4
                idloc                              2000     2000        4        0       5
                text46                              909      909      22F     1212       0
                text45                             1DFA     1DFA       22     3BF4       0
                text44                             1EFC     1EFC       3C     3DF8       0
                text43                             1D71     1D71        A     3AE2       0
                text42                             1416     1416       93     282C       0
                text41                             15E8     15E8       A5     2BD0       0
                text40                              801      801       23     1002       0
                text39                              37E      37E      315        8       0
                text38                             14A9     14A9       9B     2952       0
                text37                             1FB8     1FB8       48     3F70       0
                text36                             1037     1037       5A     206E       0
                text35                              693      693      10A        8       0
                text34                              D9A      D9A      266     1B34       0
                text33                             1393     1393       83     2726       0
                text32                             168D     168D       B7     2D1A       0
                text31                             1D36     1D36        6     3A6C       0
                text30                               52       52      32C        8       0
                text29                             1D5F     1D5F        9     3ABE       0
                text28                             1D42     1D42        7     3A84       0
                text27                             1D49     1D49        7     3A92       0
                text26                             1D7B     1D7B        A     3AF6       0
                text25                              79D      79D       61        8       0
                text24                             1E92     1E92       32     3D24       0
                text23                             1D50     1D50        7     3AA0       0
                text22                             1D91     1D91        D     3B22       0
                text21                             1DAF     1DAF       13     3B5E       0
                text20                             1091     1091       60     2122       0
                text19                             1F77     1F77       41     3EEE       0
                text18                              B38      B38      262     1670       0
                text17                              824      824       E5     1048       0
                text16                             1DC2     1DC2       1A     3B84       0
                text15                             1744     1744       BC     2E88       0
                text14                             11C3     11C3       6D     2386       0
                text13                             1544     1544       A4     2A88       0
                text12                             1E3E     1E3E       29     3C7C       0
                text11                             1DDC     1DDC       1E     3BB8       0
                text10                             1E1C     1E1C       22     3C38       0
                text9                              1E67     1E67       2B     3CCE       0
                text8                              1EC4     1EC4       38     3D88       0
                text7                              1158     1158       6B     22B0       0
                text6                              12A0     12A0       73     2540       0
                text5                              1002     1002       35     2004       0
                text4                              1F38     1F38       3F     3E70       0
                text3                              1230     1230       70     2460       0
                text2                              1D3C     1D3C        6     3A78       0
                text1                              1313     1313       80     2626       0
                maintext                           10F1     10F1       67     21E2       0
                cstackBANK0                          20       20       4F       20       1
                cstackCOMMON                         70       70        E       70       1
                cstackBANK1                          A0       A0       38       A0       1
                cstackBANK3                         190      190       44      190       1
                clrtext                            1D57     1D57        8     3AAE       0
                inittext                           1D9E     1D9E       11     3B3C       0
                dataBANK2                           110      110        4      110       1
                dataBANK3                           1E6      1E6        9      190       1
                bssBANK3                            1D4      1D4       12      190       1
                dataBANK1                            E4       E4        C       A0       1
                bssBANK1                             D8       D8        C       A0       1
                strings                            1800     1800       2A     3000       0
                idataBANK3                         1D68     1D68        9     3AD0       0
                idataBANK2                         1D32     1D32        4     3A64       0
                idataBANK1                         1D85     1D85        C     3B0A       0

TOTAL           Name                               Link     Load   Length     Space
        CLASS   CODE           
                end_init                             12       12        3         0
                cinit                                15       15       3D         0
                intentry                              4        4        E         0
                reset_vec                             0        0        3         0
                text46                              909      909      22F         0
                text45                             1DFA     1DFA       22         0
                text44                             1EFC     1EFC       3C         0
                text43                             1D71     1D71        A         0
                text42                             1416     1416       93         0
                text41                             15E8     15E8       A5         0
                text40                              801      801       23         0
                text39                              37E      37E      315         0
                text38                             14A9     14A9       9B         0
                text37                             1FB8     1FB8       48         0
                text36                             1037     1037       5A         0
                text35                              693      693      10A         0
                text34                              D9A      D9A      266         0
                text33                             1393     1393       83         0
                text32                             168D     168D       B7         0
                text31                             1D36     1D36        6         0
                text30                               52       52      32C         0
                text29                             1D5F     1D5F        9         0
                text28                             1D42     1D42        7         0
                text27                             1D49     1D49        7         0
                text26                             1D7B     1D7B        A         0
                text25                              79D      79D       61         0
                text24                             1E92     1E92       32         0
                text23                             1D50     1D50        7         0
                text22                             1D91     1D91        D         0
                text21                             1DAF     1DAF       13         0
                text20                             1091     1091       60         0
                text19                             1F77     1F77       41         0
                text18                              B38      B38      262         0
                text17                              824      824       E5         0
                text16                             1DC2     1DC2       1A         0
                text15                             1744     1744       BC         0
                text14                             11C3     11C3       6D         0
                text13                             1544     1544       A4         0
                text12                             1E3E     1E3E       29         0
                text11                             1DDC     1DDC       1E         0
                text10                             1E1C     1E1C       22         0
                text9                              1E67     1E67       2B         0
                text8                              1EC4     1EC4       38         0
                text7                              1158     1158       6B         0
                text6                              12A0     12A0       73         0
                text5                              1002     1002       35         0
                text4                              1F38     1F38       3F         0
                text3                              1230     1230       70         0
                text2                              1D3C     1D3C        6         0
                text1                              1313     1313       80         0
                maintext                           10F1     10F1       67         0
                clrtext                            1D57     1D57        8         0
                inittext                           1D9E     1D9E       11         0
                idataBANK3                         1D68     1D68        9         0
                idataBANK2                         1D32     1D32        4         0
                idataBANK1                         1D85     1D85        C         0

        CLASS   STRCODE        

        CLASS   STRING         
                strings                            1800     1800       2A         0

        CLASS   CONST          

        CLASS   ENTRY          

        CLASS   COMMON         
                cstackCOMMON                         70       70        E         1

        CLASS   BANK0          
                cstackBANK0                          20       20       4F         1

        CLASS   BANK1          
                cstackBANK1                          A0       A0       38         1
                dataBANK1                            E4       E4        C         1
                bssBANK1                             D8       D8        C         1

        CLASS   BANK2          
                dataBANK2                           110      110        4         1

        CLASS   BANK3          
                cstackBANK3                         190      190       44         1
                dataBANK3                           1E6      1E6        9         1
                bssBANK3                            1D4      1D4       12         1

        CLASS   RAM            

        CLASS   ABS1           
                abs_s1                               7E       7E        2         1

        CLASS   SFR0           

        CLASS   SFR1           

        CLASS   SFR2           

        CLASS   SFR3           

        CLASS   CONFIG         
                config                             2007     2007        2         4

        CLASS   IDLOC          
                idloc                              2000     2000        4         5

        CLASS   EEDATA         

        CLASS   STACK          



SEGMENTS        Name                           Load    Length   Top    Selector   Space  Class     Delta

                reset_vec                      000000  000003  000003         0       0  CODE        2
                intentry                       000004  0007FA  0007FE         8       0  CODE        2
                cstackBANK0                    000020  00004F  00006F        20       1  BANK0       1
                cstackCOMMON                   000070  00000E  00007E        70       1  COMMON      1
                cstackBANK1                    0000A0  000050  0000F0        A0       1  BANK1       1
                dataBANK2                      000110  000004  000114       110       1  BANK2       1
                cstackBANK3                    000190  00005F  0001EF       190       1  BANK3       1
                text40                         000801  000023  000824      1002       0  CODE        2
                text17                         000824  0000E5  000909      1048       0  CODE        2
                text46                         000909  00022F  000B38      1212       0  CODE        2
                text18                         000B38  000262  000D9A      1670       0  CODE        2
                text34                         000D9A  000266  001000      1B34       0  CODE        2
                text5                          001002  000035  001037      2004       0  CODE        2
                text36                         001037  00005A  001091      206E       0  CODE        2
                text20                         001091  000060  0010F1      2122       0  CODE        2
                maintext                       0010F1  000067  001158      21E2       0  CODE        2
                text7                          001158  00006B  0011C3      22B0       0  CODE        2
                text14                         0011C3  00006D  001230      2386       0  CODE        2
                text3                          001230  000070  0012A0      2460       0  CODE        2
                text6                          0012A0  000073  001313      2540       0  CODE        2
                text1                          001313  000080  001393      2626       0  CODE        2
                text33                         001393  000083  001416      2726       0  CODE        2
                text42                         001416  000093  0014A9      282C       0  CODE        2
                text38                         0014A9  00009B  001544      2952       0  CODE        2
                text13                         001544  0000A4  0015E8      2A88       0  CODE        2
                text41                         0015E8  0000A5  00168D      2BD0       0  CODE        2
                text32                         00168D  0000B7  001744      2D1A       0  CODE        2
                text15                         001744  0000BC  001800      2E88       0  CODE        2
                strings                        001800  00002A  00182A      3000       0  STRING      2
                idataBANK2                     001D32  000004  001D36      3A64       0  CODE        2
                text31                         001D36  000006  001D3C      3A6C       0  CODE        2
                text2                          001D3C  000006  001D42      3A78       0  CODE        2
                text28                         001D42  000007  001D49      3A84       0  CODE        2
                text27                         001D49  000007  001D50      3A92       0  CODE        2
                text23                         001D50  000007  001D57      3AA0       0  CODE        2
                clrtext                        001D57  000008  001D5F      3AAE       0  CODE        2
                text29                         001D5F  000009  001D68      3ABE       0  CODE        2
                idataBANK3                     001D68  000009  001D71      3AD0       0  CODE        2
                text43                         001D71  00000A  001D7B      3AE2       0  CODE        2
                text26                         001D7B  00000A  001D85      3AF6       0  CODE        2
                idataBANK1                     001D85  00000C  001D91      3B0A       0  CODE        2
                text22                         001D91  00000D  001D9E      3B22       0  CODE        2
                inittext                       001D9E  000011  001DAF      3B3C       0  CODE        2
                text21                         001DAF  000013  001DC2      3B5E       0  CODE        2
                text16                         001DC2  00001A  001DDC      3B84       0  CODE        2
                text11                         001DDC  00001E  001DFA      3BB8       0  CODE        2
                text45                         001DFA  000022  001E1C      3BF4       0  CODE        2
                text10                         001E1C  000022  001E3E      3C38       0  CODE        2
                text12                         001E3E  000029  001E67      3C7C       0  CODE        2
                text9                          001E67  00002B  001E92      3CCE       0  CODE        2
                text24                         001E92  000032  001EC4      3D24       0  CODE        2
                text8                          001EC4  000038  001EFC      3D88       0  CODE        2
                text44                         001EFC  00003C  001F38      3DF8       0  CODE        2
                text4                          001F38  00003F  001F77      3E70       0  CODE        2
                text19                         001F77  000041  001FB8      3EEE       0  CODE        2
                text37                         001FB8  000048  002000      3F70       0  CODE        2


UNUSED ADDRESS RANGES

        Name                Unused          Largest block    Delta
        BANK0            006F-006F              1           1
        BANK2            0114-016F             5C           1
        BANK3            01EF-01EF              1           1
        CODE             0003-0003              1           2
                         07FE-0800              2
                         1000-1001              2
                         182A-1D31            508
        CONST            0003-0003              1           2
                         07FE-0800              2
                         1000-1001              2
                         182A-1D31            100
        EEDATA           2100-21FF            100           2
        ENTRY            0003-0003              1           2
                         07FE-0800              2
                         1000-1001              2
                         182A-1D31            100
        RAM              006F-006F              1           1
                         0114-016F             5C
                         01EF-01EF              1
        SFR0             0000-001F             20           1
        SFR1             0080-009F             20           1
        SFR2             0100-010F             10           1
        SFR3             0180-018F             10           1
        STRCODE          0003-0003              1           2
                         07FE-0800              3
                         1000-1001              2
                         182A-1D31            508
        STRING           0003-0003              1           2
                         07FE-0800              2
                         1000-1001              2
                         182A-1D31            100

                                  Symbol Table

?_I2C_Master_Read                 cstackBANK3  0190
?__Umul8_16                       cstackCOMMON 0070
?___fladd                         cstackBANK0  002A
?___fldiv                         cstackBANK0  0058
?___flmul                         cstackBANK0  003E
?___flsub                         cstackBANK0  0065
?___fltol                         cstackBANK3  0190
?___lldiv                         cstackBANK3  0190
?___lmul                          cstackBANK3  0190
?___lwdiv                         cstackCOMMON 0070
?___xxtofl                        cstackCOMMON 0079
?_adc_read                        cstackCOMMON 0070
?_calculateLux                    cstackBANK3  019E
?_eval_poly                       cstackBANK0  0058
?_frexp                           cstackBANK0  0020
?_log                             cstackBANK0  0068
?_map                             cstackBANK1  00B6
?i1___fltol                       cstackBANK1  00AD
I2C_Master_Init@c                 cstackBANK3  019E
I2C_Master_Read@a                 cstackBANK3  0190
I2C_Master_Read@temp              cstackBANK3  0194
I2C_Master_Write@d                cstackBANK3  0190
USART_send@data                   cstackBANK3  0190
USART_set@baudrate                cstackBANK3  019E
_A                                dataBANK1    00E4
_ADCON0bits                       (abs)        001F
_ADCON1bits                       (abs)        009F
_ADRESH                           (abs)        001E
_ADRESL                           (abs)        009E
_ANSEL                            (abs)        0188
_ANSELH                           (abs)        0189
_B                                dataBANK1    00EC
_BAUDCTLbits                      (abs)        0187
_C                                dataBANK2    0110
_CCP1CON                          (abs)        0017
_CCP1CONbits                      (abs)        0017
_CCP2CON                          (abs)        001D
_CCP2CONbits                      (abs)        001D
_CCPR1L                           (abs)        0015
_CH0                              bssBANK3     01DA
_CH1                              bssBANK3     01D8
_I2C_Master_Init                  text8        1EC4
_I2C_Master_Read                  text24       1E92
_I2C_Master_RepeatedStart         text23       1D50
_I2C_Master_Start                 text28       1D42
_I2C_Master_Stop                  text27       1D49
_I2C_Master_Wait                  text29       1D5F
_I2C_Master_Write                 text26       1D7B
_INTCONbits                       (abs)        000B
_IOCBbits                         (abs)        0096
_LUX                              bssBANK3     01DE
_LUX_config                       text25       079D
_LUX_read                         text17       0824
_OLD_TEMP                         dataBANK3    01E6
_OPTION_REGbits                   (abs)        0081
_OSCCONbits                       (abs)        008F
_PIE1bits                         (abs)        008C
_PIR1bits                         (abs)        000C
_PORTAbits                        (abs)        0005
_PORTBbits                        (abs)        0006
_PORTDbits                        (abs)        0008
_PR2                              (abs)        0092
_R1                               dataBANK1    00E8
_R2                               bssBANK1     00D8
_RCSTAbits                        (abs)        0018
_RTC_read                         text15       1744
_SPBRG                            (abs)        0099
_SPBRGH                           (abs)        009A
_SSPADD                           (abs)        0093
_SSPBUF                           (abs)        0013
_SSPCON                           (abs)        0014
_SSPCON2                          (abs)        0091
_SSPCON2bits                      (abs)        0091
_SSPSTAT                          (abs)        0094
_T2CONbits                        (abs)        0012
_TC                               bssBANK3     01D4
_TEMP_POT                         bssBANK1     00E2
_TMR0                             (abs)        0001
_TRISAbits                        (abs)        0085
_TRISBbits                        (abs)        0086
_TRISCbits                        (abs)        0087
_TRISDbits                        (abs)        0088
_TXREG                            (abs)        0019
_TXSTAbits                        (abs)        0098
_USART_send                       text22       1D91
_USART_set                        text7        1158
_WPUBbits                         (abs)        0095
__Habs1                           abs1         0000
__Hbank0                          bank0        0000
__Hbank1                          bank1        0000
__Hbank2                          bank2        0000
__Hbank3                          bank3        0000
__HbssBANK1                       bssBANK1     0000
__HbssBANK3                       bssBANK3     0000
__Hcinit                          cinit        0052
__Hclrtext                        clrtext      0000
__Hcode                           code         0000
__Hcommon                         common       0000
__Hconfig                         config       2009
__HcstackBANK0                    cstackBANK0  0000
__HcstackBANK1                    cstackBANK1  0000
__HcstackBANK3                    cstackBANK3  0000
__HcstackCOMMON                   cstackCOMMON 0000
__HdataBANK1                      dataBANK1    0000
__HdataBANK2                      dataBANK2    0000
__HdataBANK3                      dataBANK3    0000
__Heeprom_data                    eeprom_data  0000
__Hend_init                       end_init     0015
__Hfunctab                        functab      0000
__HidataBANK1                     idataBANK1   0000
__HidataBANK2                     idataBANK2   0000
__HidataBANK3                     idataBANK3   0000
__Hidloc                          idloc        2004
__Hinit                           init         0012
__Hinittext                       inittext     0000
__Hintentry                       intentry     0012
__Hmaintext                       maintext     0000
__Hpowerup                        powerup      0000
__Hram                            ram          0000
__Hreset_vec                      reset_vec    0003
__Hsfr0                           sfr0         0000
__Hsfr1                           sfr1         0000
__Hsfr2                           sfr2         0000
__Hsfr3                           sfr3         0000
__Hspace_0                        (abs)        2000
__Hspace_1                        (abs)        01EF
__Hspace_2                        (abs)        0000
__Hspace_3                        (abs)        0000
__Hspace_4                        (abs)        4010
__Hstack                          stack        0000
__Hstrings                        strings      0000
__Htext                           text         0000
__Labs1                           abs1         0000
__Lbank0                          bank0        0000
__Lbank1                          bank1        0000
__Lbank2                          bank2        0000
__Lbank3                          bank3        0000
__LbssBANK1                       bssBANK1     0000
__LbssBANK3                       bssBANK3     0000
__Lcinit                          cinit        0015
__Lclrtext                        clrtext      0000
__Lcode                           code         0000
__Lcommon                         common       0000
__Lconfig                         config       0000
__LcstackBANK0                    cstackBANK0  0000
__LcstackBANK1                    cstackBANK1  0000
__LcstackBANK3                    cstackBANK3  0000
__LcstackCOMMON                   cstackCOMMON 0000
__LdataBANK1                      dataBANK1    0000
__LdataBANK2                      dataBANK2    0000
__LdataBANK3                      dataBANK3    0000
__Leeprom_data                    eeprom_data  0000
__Lend_init                       end_init     0012
__Lfunctab                        functab      0000
__LidataBANK1                     idataBANK1   0000
__LidataBANK2                     idataBANK2   0000
__LidataBANK3                     idataBANK3   0000
__Lidloc                          idloc        0000
__Linit                           init         0012
__Linittext                       inittext     0000
__Lintentry                       intentry     0004
__Lmaintext                       maintext     0000
__Lpowerup                        powerup      0000
__Lram                            ram          0000
__Lreset_vec                      reset_vec    0000
__Lsfr0                           sfr0         0000
__Lsfr1                           sfr1         0000
__Lsfr2                           sfr2         0000
__Lsfr3                           sfr3         0000
__Lspace_0                        (abs)        0000
__Lspace_1                        (abs)        0000
__Lspace_2                        (abs)        0000
__Lspace_3                        (abs)        0000
__Lspace_4                        (abs)        0000
__Lstack                          stack        0000
__Lstrings                        strings      0000
__Ltext                           text         0000
__S0                              (abs)        2000
__S1                              (abs)        01EF
__S3                              (abs)        0000
__Umul8_16                        text40       0801
__Umul8_16@multiplicand           cstackCOMMON 0070
__Umul8_16@multiplier             cstackCOMMON 0078
__Umul8_16@product                cstackCOMMON 0074
__Umul8_16@word_mpld              cstackCOMMON 0076
___bmul                           text21       1DAF
___bmul@multiplicand              cstackBANK3  01C6
___bmul@multiplier                cstackBANK3  01C9
___bmul@product                   cstackBANK3  01C8
___fladd                          text46       0909
___fladd@a                        cstackBANK0  002E
___fladd@aexp                     cstackBANK0  003B
___fladd@b                        cstackBANK0  002A
___fladd@bexp                     cstackBANK0  003C
___fladd@grs                      cstackBANK0  003D
___fladd@signs                    cstackBANK0  003A
___fldiv                          text34       0D9A
___fldiv@a                        cstackBANK0  0058
___fldiv@aexp                     cstackBANK1  00AC
___fldiv@b                        cstackBANK0  005C
___fldiv@bexp                     cstackBANK1  00AB
___fldiv@grs                      cstackBANK1  00A7
___fldiv@new_exp                  cstackBANK1  00A5
___fldiv@rem                      cstackBANK1  00A0
___fldiv@sign                     cstackBANK1  00A4
___fleq                           text37       1FB8
___fleq@ff1                       cstackCOMMON 0070
___fleq@ff2                       cstackCOMMON 0074
___flge                           text42       1416
___flge@ff1                       cstackCOMMON 0070
___flge@ff2                       cstackCOMMON 0074
___flmul                          text39       037E
___flmul@a                        cstackBANK0  0042
___flmul@aexp                     cstackBANK0  0050
___flmul@b                        cstackBANK0  003E
___flmul@bexp                     cstackBANK0  0051
___flmul@grs                      cstackBANK0  004C
___flmul@prod                     cstackBANK0  0052
___flmul@sign                     cstackBANK0  004B
___flmul@temp                     cstackBANK0  0056
___flsub                          text45       1DFA
___flsub@a                        cstackBANK0  0065
___flsub@b                        cstackBANK0  0069
___fltol                          text14       11C3
___fltol@exp1                     cstackBANK3  019A
___fltol@f1                       cstackBANK3  0190
___fltol@sign1                    cstackBANK3  0199
___int_sp                         stack        0000
___latbits                        (abs)        0002
___lldiv                          text20       1091
___lldiv@counter                  cstackBANK3  019D
___lldiv@dividend                 cstackBANK3  0194
___lldiv@divisor                  cstackBANK3  0190
___lldiv@quotient                 cstackBANK3  0199
___lmul                           text19       1F77
___lmul@multiplicand              cstackBANK3  0194
___lmul@multiplier                cstackBANK3  0190
___lmul@product                   cstackBANK3  0199
___lwdiv                          text44       1EFC
___lwdiv@counter                  cstackCOMMON 0077
___lwdiv@dividend                 cstackCOMMON 0072
___lwdiv@divisor                  cstackCOMMON 0070
___lwdiv@quotient                 cstackCOMMON 0075
___sp                             stack        0000
___stackhi                        (abs)        0000
___stacklo                        (abs)        0000
___xxtofl                         text41       15E8
___xxtofl@arg                     cstackBANK0  0026
___xxtofl@exp                     cstackBANK0  0025
___xxtofl@sign                    cstackBANK0  0024
___xxtofl@val                     cstackCOMMON 0079
__end_of_I2C_Master_Init          text8        1EFC
__end_of_I2C_Master_Read          text24       1EC4
__end_of_I2C_Master_RepeatedStart text23       1D57
__end_of_I2C_Master_Start         text28       1D49
__end_of_I2C_Master_Stop          text27       1D50
__end_of_I2C_Master_Wait          text29       1D68
__end_of_I2C_Master_Write         text26       1D85
__end_of_LUX_config               text25       07FE
__end_of_LUX_read                 text17       0909
__end_of_RTC_read                 text15       1800
__end_of_USART_send               text22       1D9E
__end_of_USART_set                text7        11C3
__end_of__Umul8_16                text40       0824
__end_of___bmul                   text21       1DC2
__end_of___fladd                  text46       0B38
__end_of___fldiv                  text34       1000
__end_of___fleq                   text37       2000
__end_of___flge                   text42       14A9
__end_of___flmul                  text39       0693
__end_of___flsub                  text45       1E1C
__end_of___fltol                  text14       1230
__end_of___lldiv                  text20       10F1
__end_of___lmul                   text19       1FB8
__end_of___lwdiv                  text44       1F38
__end_of___xxtofl                 text41       168D
__end_of__initialization          cinit        004E
__end_of__stringtab               strings      1806
__end_of_adc_ch_switch            text13       15E8
__end_of_adc_init                 text6        1313
__end_of_adc_read                 text43       1D7B
__end_of_bcd_dec                  text16       1DDC
__end_of_calculateLux             text18       0D9A
__end_of_eval_poly                text38       1544
__end_of_frexp                    text36       1091
__end_of_int_osc_MHz              text5        1037
__end_of_log                      text35       079D
__end_of_main                     maintext     1158
__end_of_map                      text32       1744
__end_of_motor_dc                 text12       1E67
__end_of_pulse_step               text11       1DFA
__end_of_pwm_duty_cycle           text10       1E3E
__end_of_pwm_init                 text4        1F77
__end_of_servo                    text9        1E92
__end_of_setup                    text1        1393
__end_of_slave                    text30       037E
__end_of_tmr0_init                text3        12A0
__end_of_tmr0_reload              text2        1D42
__end_ofi1___fltol                text33       1416
__end_ofi1_tmr0_reload            text31       1D3C
__end_oflog@coeff                 strings      182A
__initialization                  cinit        0015
__pbssBANK1                       bssBANK1     00D8
__pbssBANK3                       bssBANK3     01D4
__pcstackBANK0                    cstackBANK0  0020
__pcstackBANK1                    cstackBANK1  00A0
__pcstackBANK3                    cstackBANK3  0190
__pcstackCOMMON                   cstackCOMMON 0070
__pdataBANK1                      dataBANK1    00E4
__pdataBANK2                      dataBANK2    0110
__pdataBANK3                      dataBANK3    01E6
__pidataBANK1                     idataBANK1   1D85
__pidataBANK2                     idataBANK2   1D32
__pidataBANK3                     idataBANK3   1D68
__pintentry                       intentry     0004
__pmaintext                       maintext     10F1
__pstrings                        strings      1800
__ptext1                          text1        1313
__ptext10                         text10       1E1C
__ptext11                         text11       1DDC
__ptext12                         text12       1E3E
__ptext13                         text13       1544
__ptext14                         text14       11C3
__ptext15                         text15       1744
__ptext16                         text16       1DC2
__ptext17                         text17       0824
__ptext18                         text18       0B38
__ptext19                         text19       1F77
__ptext2                          text2        1D3C
__ptext20                         text20       1091
__ptext21                         text21       1DAF
__ptext22                         text22       1D91
__ptext23                         text23       1D50
__ptext24                         text24       1E92
__ptext25                         text25       079D
__ptext26                         text26       1D7B
__ptext27                         text27       1D49
__ptext28                         text28       1D42
__ptext29                         text29       1D5F
__ptext3                          text3        1230
__ptext30                         text30       0052
__ptext31                         text31       1D36
__ptext32                         text32       168D
__ptext33                         text33       1393
__ptext34                         text34       0D9A
__ptext35                         text35       0693
__ptext36                         text36       1037
__ptext37                         text37       1FB8
__ptext38                         text38       14A9
__ptext39                         text39       037E
__ptext4                          text4        1F38
__ptext40                         text40       0801
__ptext41                         text41       15E8
__ptext42                         text42       1416
__ptext43                         text43       1D71
__ptext44                         text44       1EFC
__ptext45                         text45       1DFA
__ptext46                         text46       0909
__ptext5                          text5        1002
__ptext6                          text6        12A0
__ptext7                          text7        1158
__ptext8                          text8        1EC4
__ptext9                          text9        1E67
__stringbase                      strings      1805
__stringtab                       strings      1800
_adc_ch_switch                    text13       1544
_adc_init                         text6        12A0
_adc_read                         text43       1D71
_bcd_dec                          text16       1DC2
_calculateLux                     text18       0B38
_dir                              dataBANK3    01EB
_errno                            bssBANK1     00E0
_eval_poly                        text38       14A9
_frexp                            text36       1037
_highCH0                          bssBANK3     01E1
_highCH1                          bssBANK3     01DF
_hrs                              bssBANK3     01E3
_int_osc_MHz                      text5        1002
_last_LUX                         dataBANK3    01EA
_last_hrs                         dataBANK3    01ED
_last_min                         dataBANK3    01EE
_last_mov                         dataBANK3    01E8
_log                              text35       0693
_logR2                            bssBANK1     00DC
_lowCH0                           bssBANK3     01E2
_lowCH1                           bssBANK3     01E0
_main                             maintext     10F1
_map                              text32       168D
_min                              bssBANK3     01E4
_motor_dc                         text12       1E3E
_p                                bssBANK3     01E5
_pulse_step                       text11       1DDC
_pulso                            dataBANK3    01EC
_pwm_duty_cycle                   text10       1E1C
_pwm_init                         text4        1F38
_servo                            text9        1E67
_setup                            text1        1313
_slave                            text30       0052
_slave$1780                       cstackBANK1  00C8
_slave$1781                       cstackBANK1  00CC
_slave$1782                       cstackBANK1  00D0
_slave$1783                       cstackBANK1  00D4
_switch_servo                     bssBANK3     01DC
_tmr0_init                        text3        1230
_tmr0_reload                      text2        1D3C
adc_ch_switch@channels            cstackBANK3  0192
adc_init@adc_cs                   cstackBANK3  0194
adc_init@vref_minus               cstackBANK3  0191
adc_init@vref_plus                cstackBANK3  0190
bcd_dec@no                        cstackBANK3  01CD
btemp                             (abs)        007E
calculateLux@b                    cstackBANK3  01B2
calculateLux@broadband            cstackBANK3  019E
calculateLux@chScale              cstackBANK3  01B6
calculateLux@channel0             cstackBANK3  01BE
calculateLux@channel1             cstackBANK3  01BA
calculateLux@ir                   cstackBANK3  01A0
calculateLux@lux                  cstackBANK3  01A6
calculateLux@m                    cstackBANK3  01B4
calculateLux@ratio                cstackBANK3  01C2
calculateLux@ratio1               cstackBANK3  01AA
calculateLux@temp                 cstackBANK3  01AE
clear_ram0                        clrtext      1D57
end_of_initialization             cinit        004E
eval_poly@d                       cstackBANK0  005C
eval_poly@n                       cstackBANK0  005D
eval_poly@res                     cstackBANK0  0064
eval_poly@x                       cstackBANK0  0058
frexp@eptr                        cstackBANK0  0024
frexp@value                       cstackBANK0  0020
i1___fltol                        text33       1393
i1___fltol@exp1                   cstackBANK0  006E
i1___fltol@f1                     cstackBANK1  00AD
i1___fltol@sign1                  cstackBANK0  006D
i1_tmr0_reload                    text31       1D36
init_fetch0                       inittext     1D9E
init_ram0                         inittext     1DA2
int_osc_MHz@freq                  cstackBANK3  0192
interrupt_function                intentry     0004
intlevel0                         functab      0000
intlevel1                         functab      0000
intlevel2                         functab      0000
intlevel3                         functab      0000
intlevel4                         functab      0000
intlevel5                         functab      0000
log@coeff                         strings      1806
log@exponent                      cstackBANK0  006D
log@x                             cstackBANK0  0068
map@x                             cstackBANK1  00B6
map@x0                            cstackBANK1  00B8
map@x1                            cstackBANK1  00BA
map@y0                            cstackBANK1  00BC
map@y1                            cstackBANK1  00BE
motor_dc@temp                     cstackBANK3  019B
pulse_step@bt                     cstackBANK3  0190
pulse_step@signal                 cstackBANK3  0192
pwm_duty_cycle@duty_cycle         cstackBANK3  0190
pwm_init@channel                  cstackBANK3  0192
reset_vec                         reset_vec    0000
saved_w                           (abs)        007E
servo@mov                         cstackBANK3  0194
start                             init         0012
start_initialization              cinit        0015
tmr0_init@prescaler               cstackBANK3  0192
wtemp0                            (abs)        007E


MODULE INFORMATION

Module		Function		Class		Link	Load	Size
USART.c
		_USART_set     		CODE           	1158	0000	107
		_USART_send    		CODE           	1D91	0000	13

USART.c estimated size: 120

C:\Program Files\Microchip\xc8\v2.35\pic\sources\c90\common\Umul32.c
		___lmul        		CODE           	1F77	0000	65

C:\Program Files\Microchip\xc8\v2.35\pic\sources\c90\common\Umul32.c estimated size: 65

C:\Program Files\Microchip\xc8\v2.35\pic\sources\c90\common\xxtofl.c
		___xxtofl      		CODE           	15E8	0000	165

C:\Program Files\Microchip\xc8\v2.35\pic\sources\c90\common\xxtofl.c estimated size: 165

C:\Program Files\Microchip\xc8\v2.35\pic\sources\c90\common\lwdiv.c
		___lwdiv       		CODE           	1EFC	0000	60

C:\Program Files\Microchip\xc8\v2.35\pic\sources\c90\common\lwdiv.c estimated size: 60

C:\Program Files\Microchip\xc8\v2.35\pic\sources\c90\common\fltol.c
		___fltol       		CODE           	11C3	0000	109

C:\Program Files\Microchip\xc8\v2.35\pic\sources\c90\common\fltol.c estimated size: 109

C:\Program Files\Microchip\xc8\v2.35\pic\sources\c90\common\fleq.c
		___fleq        		CODE           	1FB8	0000	72

C:\Program Files\Microchip\xc8\v2.35\pic\sources\c90\common\fleq.c estimated size: 72

I2C.c
		_I2C_Master_Read		CODE           	1E92	0000	50
		_I2C_Master_Wait		CODE           	1D5F	0000	9
		_I2C_Master_Init		CODE           	1EC4	0000	56
		_I2C_Master_Stop		CODE           	1D49	0000	7
		_I2C_Master_RepeatedStart		CODE           	1D50	0000	7
		_I2C_Master_Write		CODE           	1D7B	0000	10
		_I2C_Master_Start		CODE           	1D42	0000	7

I2C.c estimated size: 146

C:\Program Files\Microchip\xc8\v2.35\pic\sources\c90\common\Umul8.c
		___bmul        		CODE           	1DAF	0000	19

C:\Program Files\Microchip\xc8\v2.35\pic\sources\c90\common\Umul8.c estimated size: 19

pwm.c
		_pwm_duty_cycle		CODE           	1E1C	0000	34
		_pwm_init      		CODE           	1F38	0000	63

pwm.c estimated size: 97

adc.c
		_adc_read      		CODE           	1D71	0000	10
		_adc_init      		CODE           	12A0	0000	115
		_adc_ch_switch 		CODE           	1544	0000	164

adc.c estimated size: 289

C:\Program Files\Microchip\xc8\v2.35\pic\sources\c90\common\sprcmul.c
		___flmul       		CODE           	037E	0000	789

C:\Program Files\Microchip\xc8\v2.35\pic\sources\c90\common\sprcmul.c estimated size: 789

C:\Program Files\Microchip\xc8\v2.35\pic\sources\c90\common\__lldiv.c
		___lldiv       		CODE           	1091	0000	96

C:\Program Files\Microchip\xc8\v2.35\pic\sources\c90\common\__lldiv.c estimated size: 96

C:\Program Files\Microchip\xc8\v2.35\pic\sources\c90\common\sprcdiv.c
		___fldiv       		CODE           	0D9A	0000	614

C:\Program Files\Microchip\xc8\v2.35\pic\sources\c90\common\sprcdiv.c estimated size: 614

tmr0.c
		_tmr0_reload   		CODE           	1D3C	0000	6
		_tmr0_init     		CODE           	1230	0000	112

tmr0.c estimated size: 118

shared
		__stringtab    		STRING         	1800	0000	6
		i1___fltol     		CODE           	1393	0000	131
		__initialization		CODE           	0015	0000	57
		i1_tmr0_reload 		CODE           	1D36	0000	6
		log@coeff      		STRING         	1806	0000	36

shared estimated size: 236

C:\Program Files\Microchip\xc8\v2.35\pic\sources\c90\common\evalpoly.c
		_eval_poly     		CODE           	14A9	0000	155

C:\Program Files\Microchip\xc8\v2.35\pic\sources\c90\common\evalpoly.c estimated size: 155

C:\Program Files\Microchip\xc8\v2.35\pic\sources\c90\common\Umul8_16.c
		__Umul8_16     		CODE           	0801	0000	35

C:\Program Files\Microchip\xc8\v2.35\pic\sources\c90\common\Umul8_16.c estimated size: 35

tsl2561.c
		_calculateLux  		CODE           	0B38	0000	610

tsl2561.c estimated size: 610

C:\Program Files\Microchip\xc8\v2.35\pic\sources\c90\common\flge.c
		___flge        		CODE           	1416	0000	147

C:\Program Files\Microchip\xc8\v2.35\pic\sources\c90\common\flge.c estimated size: 147

C:\Program Files\Microchip\xc8\v2.35\pic\sources\c90\common\log.c
		_log           		CODE           	0693	0000	266

C:\Program Files\Microchip\xc8\v2.35\pic\sources\c90\common\log.c estimated size: 266

main_slave_p1.c
		_map           		CODE           	168D	0000	183
		_motor_dc      		CODE           	1E3E	0000	41
		_main          		CODE           	10F1	0000	103
		_slave         		CODE           	0052	0000	812
		_pulse_step    		CODE           	1DDC	0000	30
		_LUX_config    		CODE           	079D	0000	97
		_servo         		CODE           	1E67	0000	43
		_LUX_read      		CODE           	0824	0000	229
		_bcd_dec       		CODE           	1DC2	0000	26
		_setup         		CODE           	1313	0000	128
		_RTC_read      		CODE           	1744	0000	188

main_slave_p1.c estimated size: 1880

osc.c
		_int_osc_MHz   		CODE           	1002	0000	53

osc.c estimated size: 53

C:\Program Files\Microchip\xc8\v2.35\pic\sources\c90\common\sprcadd.c
		___flsub       		CODE           	1DFA	0000	34
		___fladd       		CODE           	0909	0000	559

C:\Program Files\Microchip\xc8\v2.35\pic\sources\c90\common\sprcadd.c estimated size: 593

C:\Program Files\Microchip\xc8\v2.35\pic\sources\c90\common\frexp.c
		_frexp         		CODE           	1037	0000	90

C:\Program Files\Microchip\xc8\v2.35\pic\sources\c90\common\frexp.c estimated size: 90

