Microchip MPLAB XC8 Compiler V2.35

Linker command line:

-W-3 --edf=C:\Program Files\Microchip\xc8\v2.35\pic\dat\en_msgs.txt -cn \
  -h+.ca/dist/Config_2/production\Slave_P1.X.production.sym \
  --cmf=.ca/dist/Config_2/production\Slave_P1.X.production.cmf -z -Q16F887 \
  -oC:\Users\javyp\AppData\Local\Temp\xcAs44.4 --defsym=__MPLAB_BUILD=1 \
  -M.ca/dist/Config_2/production/Slave_P1.X.production.map \
  --md=C:\Users\javyp\AppData\Local\Temp\xcAs44.dat -E1 -ver=XC8 Compiler \
  --acfsm=1493 -ACODE=00h-07FFhx4 -ASTRCODE=00h-01FFFh -ASTRING=00h-0FFhx32 \
  -ACONST=00h-0FFhx32 -AENTRY=00h-0FFhx32 -ACOMMON=070h-07Fh \
  -ABANK0=020h-06Fh -ABANK1=0A0h-0EFh -ABANK2=0110h-016Fh \
  -ABANK3=0190h-01EFh -ARAM=020h-06Fh,0A0h-0EFh,0110h-016Fh,0190h-01EFh \
  -AABS1=020h-07Fh,0A0h-0EFh,0110h-016Fh,0190h-01EFh -ASFR0=00h-01Fh \
  -ASFR1=080h-09Fh -ASFR2=0100h-010Fh -ASFR3=0180h-018Fh \
  -ACONFIG=02007h-02008h -DCONFIG=2 -AIDLOC=02000h-02003h -DIDLOC=2 \
  -AEEDATA=00h-0FFh/02100h -peeprom_data=EEDATA -DEEDATA=2 -DCODE=2 \
  -DSTRCODE=2 -DSTRING=2 -DCONST=2 -DENTRY=2 \
  -preset_vec=00h,intentry=04h,init,end_init -ppowerup=CODE -pcinit=CODE \
  -pfunctab=ENTRY -k C:\Users\javyp\AppData\Local\Temp\xcAs44.o \
  .ca/dist/Config_2/production\Slave_P1.X.production.o 

Object code version is 3.11

Machine type is 16F887



                Name                               Link     Load   Length Selector   Space Scale
C:\Users\javyp\AppData\Local\Temp\xcAs44.o
                end_init                             12       12        3        8       0
                reset_vec                             0        0        3        0       0
                config                             2007     2007        2        0       4
                idloc                              2000     2000        4        0       5
.ca/dist/Config_2/production\Slave_P1.X.production.o
                cinit                                15       15       3D        8       0
                intentry                              4        4        E        8       0
                config                             2007     2007        2        0       4
                idloc                              2000     2000        4        0       5
                text46                              5B7      5B7      22D        8       0
                text45                             1F9F     1F9F       1E     3F3E       0
                text44                             115B     115B       3C     22B6       0
                text43                             1F4D     1F4D        8     3E9A       0
                text42                             1598     1598       93     2B30       0
                text41                             175C     175C       A4     2EB8       0
                text40                             1FDD     1FDD       23     3FBA       0
                text39                               52       52      2F5        8       0
                text38                             162B     162B       95     2C56       0
                text37                             11D6     11D6       48     23AC       0
                text36                             121E     121E       54     243C       0
                text35                              AAE      AAE       F2     155C       0
                text34                              BA0      BA0      20A     1740       0
                text33                              811      811       76     1022       0
                text32                             16C0     16C0       9C     2D80       0
                text31                             1F47     1F47        6     3E8E       0
                text30                              347      347      270        8       0
                text29                             1F5D     1F5D        9     3EBA       0
                text28                             1F33     1F33        5     3E66       0
                text27                             1F38     1F38        5     3E70       0
                text26                             1F66     1F66        9     3ECC       0
                text25                             12D0     12D0       5F     25A0       0
                text24                             1094     1094       2B     2128       0
                text23                             1F3D     1F3D        5     3E7A       0
                text22                             1F78     1F78        A     3EF0       0
                text21                             1F8E     1F8E       11     3F1C       0
                text20                             1272     1272       5E     24E4       0
                text19                             1197     1197       3F     232E       0
                text18                              DAA      DAA      256     1B54       0
                text17                              9DA      9DA       D4     13B4       0
                text16                             102E     102E       16     205C       0
                text15                              92B      92B       AF     1256       0
                text14                             14C2     14C2       6B     2984       0
                text13                              887      887       A4     110E       0
                text12                             1044     1044       27     2088       0
                text11                              7E4      7E4       1C        8       0
                text10                             1FBD     1FBD       20     3F7A       0
                text9                              106B     106B       29     20D6       0
                text8                              10F0     10F0       33     21E0       0
                text7                              132F     132F       62     265E       0
                text6                              1459     1459       69     28B2       0
                text5                              10BF     10BF       31     217E       0
                text4                              1123     1123       38     2246       0
                text3                              1391     1391       63     2722       0
                text2                              1F42     1F42        5     3E84       0
                text1                              152D     152D       6B     2A5A       0
                maintext                           13F4     13F4       65     27E8       0
                cstackBANK0                          20       20       4F       20       1
                cstackCOMMON                         70       70        E       70       1
                cstackBANK1                          A0       A0       38       A0       1
                cstackBANK3                         190      190       44      190       1
                clrtext                            1F55     1F55        8     3EAA       0
                inittext                            800      800       11        8       0
                dataBANK2                           110      110        4      110       1
                dataBANK3                           1E6      1E6        9      190       1
                bssBANK3                            1D4      1D4       12      190       1
                dataBANK1                            E4       E4        C       A0       1
                bssBANK1                             D8       D8        C       A0       1
                strings                            1000     1000       2A     2000       0
                idataBANK3                         1F6F     1F6F        9     3EDE       0
                idataBANK2                         102A     102A        4     2054       0
                idataBANK1                         1F82     1F82        C     3F04       0

TOTAL           Name                               Link     Load   Length     Space
        CLASS   CODE           
                end_init                             12       12        3         0
                cinit                                15       15       3D         0
                intentry                              4        4        E         0
                reset_vec                             0        0        3         0
                text46                              5B7      5B7      22D         0
                text45                             1F9F     1F9F       1E         0
                text44                             115B     115B       3C         0
                text43                             1F4D     1F4D        8         0
                text42                             1598     1598       93         0
                text41                             175C     175C       A4         0
                text40                             1FDD     1FDD       23         0
                text39                               52       52      2F5         0
                text38                             162B     162B       95         0
                text37                             11D6     11D6       48         0
                text36                             121E     121E       54         0
                text35                              AAE      AAE       F2         0
                text34                              BA0      BA0      20A         0
                text33                              811      811       76         0
                text32                             16C0     16C0       9C         0
                text31                             1F47     1F47        6         0
                text30                              347      347      270         0
                text29                             1F5D     1F5D        9         0
                text28                             1F33     1F33        5         0
                text27                             1F38     1F38        5         0
                text26                             1F66     1F66        9         0
                text25                             12D0     12D0       5F         0
                text24                             1094     1094       2B         0
                text23                             1F3D     1F3D        5         0
                text22                             1F78     1F78        A         0
                text21                             1F8E     1F8E       11         0
                text20                             1272     1272       5E         0
                text19                             1197     1197       3F         0
                text18                              DAA      DAA      256         0
                text17                              9DA      9DA       D4         0
                text16                             102E     102E       16         0
                text15                              92B      92B       AF         0
                text14                             14C2     14C2       6B         0
                text13                              887      887       A4         0
                text12                             1044     1044       27         0
                text11                              7E4      7E4       1C         0
                text10                             1FBD     1FBD       20         0
                text9                              106B     106B       29         0
                text8                              10F0     10F0       33         0
                text7                              132F     132F       62         0
                text6                              1459     1459       69         0
                text5                              10BF     10BF       31         0
                text4                              1123     1123       38         0
                text3                              1391     1391       63         0
                text2                              1F42     1F42        5         0
                text1                              152D     152D       6B         0
                maintext                           13F4     13F4       65         0
                clrtext                            1F55     1F55        8         0
                inittext                            800      800       11         0
                idataBANK3                         1F6F     1F6F        9         0
                idataBANK2                         102A     102A        4         0
                idataBANK1                         1F82     1F82        C         0

        CLASS   STRCODE        

        CLASS   STRING         
                strings                            1000     1000       2A         0

        CLASS   CONST          

        CLASS   ENTRY          

        CLASS   COMMON         
                cstackCOMMON                         70       70        E         1

        CLASS   BANK0          
                cstackBANK0                          20       20       4F         1

        CLASS   BANK1          
                cstackBANK1                          A0       A0       38         1
                dataBANK1                            E4       E4        C         1
                bssBANK1                             D8       D8        C         1

        CLASS   BANK2          
                dataBANK2                           110      110        4         1

        CLASS   BANK3          
                cstackBANK3                         190      190       44         1
                dataBANK3                           1E6      1E6        9         1
                bssBANK3                            1D4      1D4       12         1

        CLASS   RAM            

        CLASS   ABS1           
                abs_s1                               7E       7E        2         1

        CLASS   SFR0           

        CLASS   SFR1           

        CLASS   SFR2           

        CLASS   SFR3           

        CLASS   CONFIG         
                config                             2007     2007        2         4

        CLASS   IDLOC          
                idloc                              2000     2000        4         5

        CLASS   EEDATA         

        CLASS   STACK          



SEGMENTS        Name                           Load    Length   Top    Selector   Space  Class     Delta

                reset_vec                      000000  000003  000003         0       0  CODE        2
                intentry                       000004  00080D  000811         8       0  CODE        2
                cstackBANK0                    000020  00004F  00006F        20       1  BANK0       1
                cstackCOMMON                   000070  00000E  00007E        70       1  COMMON      1
                cstackBANK1                    0000A0  000050  0000F0        A0       1  BANK1       1
                dataBANK2                      000110  000004  000114       110       1  BANK2       1
                cstackBANK3                    000190  00005F  0001EF       190       1  BANK3       1
                text33                         000811  000076  000887      1022       0  CODE        2
                text13                         000887  0000A4  00092B      110E       0  CODE        2
                text15                         00092B  0000AF  0009DA      1256       0  CODE        2
                text17                         0009DA  0000D4  000AAE      13B4       0  CODE        2
                text35                         000AAE  0000F2  000BA0      155C       0  CODE        2
                text34                         000BA0  00020A  000DAA      1740       0  CODE        2
                text18                         000DAA  000256  001000      1B54       0  CODE        2
                strings                        001000  00002A  00102A      2000       0  STRING      2
                idataBANK2                     00102A  000004  00102E      2054       0  CODE        2
                text16                         00102E  000016  001044      205C       0  CODE        2
                text12                         001044  000027  00106B      2088       0  CODE        2
                text9                          00106B  000029  001094      20D6       0  CODE        2
                text24                         001094  00002B  0010BF      2128       0  CODE        2
                text5                          0010BF  000031  0010F0      217E       0  CODE        2
                text8                          0010F0  000033  001123      21E0       0  CODE        2
                text4                          001123  000038  00115B      2246       0  CODE        2
                text44                         00115B  00003C  001197      22B6       0  CODE        2
                text19                         001197  00003F  0011D6      232E       0  CODE        2
                text37                         0011D6  000048  00121E      23AC       0  CODE        2
                text36                         00121E  000054  001272      243C       0  CODE        2
                text20                         001272  00005E  0012D0      24E4       0  CODE        2
                text25                         0012D0  00005F  00132F      25A0       0  CODE        2
                text7                          00132F  000062  001391      265E       0  CODE        2
                text3                          001391  000063  0013F4      2722       0  CODE        2
                maintext                       0013F4  000065  001459      27E8       0  CODE        2
                text6                          001459  000069  0014C2      28B2       0  CODE        2
                text14                         0014C2  00006B  00152D      2984       0  CODE        2
                text1                          00152D  00006B  001598      2A5A       0  CODE        2
                text42                         001598  000093  00162B      2B30       0  CODE        2
                text38                         00162B  000095  0016C0      2C56       0  CODE        2
                text32                         0016C0  00009C  00175C      2D80       0  CODE        2
                text41                         00175C  0000A4  001800      2EB8       0  CODE        2
                text28                         001F33  000005  001F38      3E66       0  CODE        2
                text27                         001F38  000005  001F3D      3E70       0  CODE        2
                text23                         001F3D  000005  001F42      3E7A       0  CODE        2
                text2                          001F42  000005  001F47      3E84       0  CODE        2
                text31                         001F47  000006  001F4D      3E8E       0  CODE        2
                text43                         001F4D  000008  001F55      3E9A       0  CODE        2
                clrtext                        001F55  000008  001F5D      3EAA       0  CODE        2
                text29                         001F5D  000009  001F66      3EBA       0  CODE        2
                text26                         001F66  000009  001F6F      3ECC       0  CODE        2
                idataBANK3                     001F6F  000009  001F78      3EDE       0  CODE        2
                text22                         001F78  00000A  001F82      3EF0       0  CODE        2
                idataBANK1                     001F82  00000C  001F8E      3F04       0  CODE        2
                text21                         001F8E  000011  001F9F      3F1C       0  CODE        2
                text45                         001F9F  00001E  001FBD      3F3E       0  CODE        2
                text10                         001FBD  000020  001FDD      3F7A       0  CODE        2
                text40                         001FDD  000023  002000      3FBA       0  CODE        2


UNUSED ADDRESS RANGES

        Name                Unused          Largest block    Delta
        BANK0            006F-006F              1           1
        BANK2            0114-016F             5C           1
        BANK3            01EF-01EF              1           1
        CODE             0003-0003              1           2
                         1800-1F32            733
        CONST            0003-0003              1           2
                         1800-1F32            100
        EEDATA           2100-21FF            100           2
        ENTRY            0003-0003              1           2
                         1800-1F32            100
        RAM              006F-006F              1           1
                         0114-016F             5C
                         01EF-01EF              1
        SFR0             0000-001F             20           1
        SFR1             0080-009F             20           1
        SFR2             0100-010F             10           1
        SFR3             0180-018F             10           1
        STRCODE          0003-0003              1           2
                         1800-1F32            733
        STRING           0003-0003              1           2
                         1800-1F32            100

                                  Symbol Table

?_I2C_Master_Read                 cstackBANK3  0190
?__Umul8_16                       cstackCOMMON 0070
?___fladd                         cstackBANK0  002A
?___fldiv                         cstackBANK0  0058
?___flmul                         cstackBANK0  003E
?___flsub                         cstackBANK0  0065
?___fltol                         cstackBANK3  0190
?___lldiv                         cstackBANK3  0190
?___lmul                          cstackBANK3  0190
?___lwdiv                         cstackCOMMON 0070
?___xxtofl                        cstackCOMMON 0079
?_adc_read                        cstackCOMMON 0070
?_calculateLux                    cstackBANK3  019E
?_eval_poly                       cstackBANK0  0058
?_frexp                           cstackBANK0  0020
?_log                             cstackBANK0  0068
?_map                             cstackBANK1  00B6
?i1___fltol                       cstackBANK1  00AD
I2C_Master_Init@c                 cstackBANK3  019E
I2C_Master_Read@a                 cstackBANK3  0190
I2C_Master_Read@temp              cstackBANK3  0194
I2C_Master_Write@d                cstackBANK3  0190
USART_send@data                   cstackBANK3  0190
USART_set@baudrate                cstackBANK3  019E
_A                                dataBANK1    00E4
_ADCON0bits                       (abs)        001F
_ADCON1bits                       (abs)        009F
_ADRESH                           (abs)        001E
_ADRESL                           (abs)        009E
_ANSEL                            (abs)        0188
_ANSELH                           (abs)        0189
_B                                dataBANK1    00EC
_BAUDCTLbits                      (abs)        0187
_C                                dataBANK2    0110
_CCP1CON                          (abs)        0017
_CCP1CONbits                      (abs)        0017
_CCP2CON                          (abs)        001D
_CCP2CONbits                      (abs)        001D
_CCPR1L                           (abs)        0015
_CH0                              bssBANK3     01DA
_CH1                              bssBANK3     01D8
_I2C_Master_Init                  text8        10F0
_I2C_Master_Read                  text24       1094
_I2C_Master_RepeatedStart         text23       1F3D
_I2C_Master_Start                 text28       1F33
_I2C_Master_Stop                  text27       1F38
_I2C_Master_Wait                  text29       1F5D
_I2C_Master_Write                 text26       1F66
_INTCONbits                       (abs)        000B
_IOCBbits                         (abs)        0096
_LUX                              bssBANK3     01DE
_LUX_config                       text25       12D0
_LUX_read                         text17       09DA
_OLD_TEMP                         dataBANK3    01E6
_OPTION_REGbits                   (abs)        0081
_OSCCONbits                       (abs)        008F
_PIE1bits                         (abs)        008C
_PIR1bits                         (abs)        000C
_PORTAbits                        (abs)        0005
_PORTBbits                        (abs)        0006
_PORTDbits                        (abs)        0008
_PR2                              (abs)        0092
_R1                               dataBANK1    00E8
_R2                               bssBANK1     00D8
_RCSTAbits                        (abs)        0018
_RTC_read                         text15       092B
_SPBRG                            (abs)        0099
_SPBRGH                           (abs)        009A
_SSPADD                           (abs)        0093
_SSPBUF                           (abs)        0013
_SSPCON                           (abs)        0014
_SSPCON2                          (abs)        0091
_SSPCON2bits                      (abs)        0091
_SSPSTAT                          (abs)        0094
_T2CONbits                        (abs)        0012
_TC                               bssBANK3     01D4
_TEMP_POT                         bssBANK1     00E2
_TMR0                             (abs)        0001
_TRISAbits                        (abs)        0085
_TRISBbits                        (abs)        0086
_TRISCbits                        (abs)        0087
_TRISDbits                        (abs)        0088
_TXREG                            (abs)        0019
_TXSTAbits                        (abs)        0098
_USART_send                       text22       1F78
_USART_set                        text7        132F
_WPUBbits                         (abs)        0095
__Habs1                           abs1         0000
__Hbank0                          bank0        0000
__Hbank1                          bank1        0000
__Hbank2                          bank2        0000
__Hbank3                          bank3        0000
__HbssBANK1                       bssBANK1     0000
__HbssBANK3                       bssBANK3     0000
__Hcinit                          cinit        0052
__Hclrtext                        clrtext      0000
__Hcode                           code         0000
__Hcommon                         common       0000
__Hconfig                         config       2009
__HcstackBANK0                    cstackBANK0  0000
__HcstackBANK1                    cstackBANK1  0000
__HcstackBANK3                    cstackBANK3  0000
__HcstackCOMMON                   cstackCOMMON 0000
__HdataBANK1                      dataBANK1    0000
__HdataBANK2                      dataBANK2    0000
__HdataBANK3                      dataBANK3    0000
__Heeprom_data                    eeprom_data  0000
__Hend_init                       end_init     0015
__Hfunctab                        functab      0000
__HidataBANK1                     idataBANK1   0000
__HidataBANK2                     idataBANK2   0000
__HidataBANK3                     idataBANK3   0000
__Hidloc                          idloc        2004
__Hinit                           init         0012
__Hinittext                       inittext     0000
__Hintentry                       intentry     0012
__Hmaintext                       maintext     0000
__Hpowerup                        powerup      0000
__Hram                            ram          0000
__Hreset_vec                      reset_vec    0003
__Hsfr0                           sfr0         0000
__Hsfr1                           sfr1         0000
__Hsfr2                           sfr2         0000
__Hsfr3                           sfr3         0000
__Hspace_0                        (abs)        2000
__Hspace_1                        (abs)        01EF
__Hspace_2                        (abs)        0000
__Hspace_3                        (abs)        0000
__Hspace_4                        (abs)        4010
__Hstack                          stack        0000
__Hstrings                        strings      0000
__Htext                           text         0000
__Labs1                           abs1         0000
__Lbank0                          bank0        0000
__Lbank1                          bank1        0000
__Lbank2                          bank2        0000
__Lbank3                          bank3        0000
__LbssBANK1                       bssBANK1     0000
__LbssBANK3                       bssBANK3     0000
__Lcinit                          cinit        0015
__Lclrtext                        clrtext      0000
__Lcode                           code         0000
__Lcommon                         common       0000
__Lconfig                         config       0000
__LcstackBANK0                    cstackBANK0  0000
__LcstackBANK1                    cstackBANK1  0000
__LcstackBANK3                    cstackBANK3  0000
__LcstackCOMMON                   cstackCOMMON 0000
__LdataBANK1                      dataBANK1    0000
__LdataBANK2                      dataBANK2    0000
__LdataBANK3                      dataBANK3    0000
__Leeprom_data                    eeprom_data  0000
__Lend_init                       end_init     0012
__Lfunctab                        functab      0000
__LidataBANK1                     idataBANK1   0000
__LidataBANK2                     idataBANK2   0000
__LidataBANK3                     idataBANK3   0000
__Lidloc                          idloc        0000
__Linit                           init         0012
__Linittext                       inittext     0000
__Lintentry                       intentry     0004
__Lmaintext                       maintext     0000
__Lpowerup                        powerup      0000
__Lram                            ram          0000
__Lreset_vec                      reset_vec    0000
__Lsfr0                           sfr0         0000
__Lsfr1                           sfr1         0000
__Lsfr2                           sfr2         0000
__Lsfr3                           sfr3         0000
__Lspace_0                        (abs)        0000
__Lspace_1                        (abs)        0000
__Lspace_2                        (abs)        0000
__Lspace_3                        (abs)        0000
__Lspace_4                        (abs)        0000
__Lstack                          stack        0000
__Lstrings                        strings      0000
__Ltext                           text         0000
__S0                              (abs)        2000
__S1                              (abs)        01EF
__S3                              (abs)        0000
__Umul8_16                        text40       1FDD
__Umul8_16@multiplicand           cstackCOMMON 0070
__Umul8_16@multiplier             cstackCOMMON 0078
__Umul8_16@product                cstackCOMMON 0074
__Umul8_16@word_mpld              cstackCOMMON 0076
___bmul                           text21       1F8E
___bmul@multiplicand              cstackBANK3  01C6
___bmul@multiplier                cstackBANK3  01C9
___bmul@product                   cstackBANK3  01C8
___fladd                          text46       05B7
___fladd@a                        cstackBANK0  002E
___fladd@aexp                     cstackBANK0  003B
___fladd@b                        cstackBANK0  002A
___fladd@bexp                     cstackBANK0  003C
___fladd@grs                      cstackBANK0  003D
___fladd@signs                    cstackBANK0  003A
___fldiv                          text34       0BA0
___fldiv@a                        cstackBANK0  0058
___fldiv@aexp                     cstackBANK1  00AC
___fldiv@b                        cstackBANK0  005C
___fldiv@bexp                     cstackBANK1  00AB
___fldiv@grs                      cstackBANK1  00A7
___fldiv@new_exp                  cstackBANK1  00A5
___fldiv@rem                      cstackBANK1  00A0
___fldiv@sign                     cstackBANK1  00A4
___fleq                           text37       11D6
___fleq@ff1                       cstackCOMMON 0070
___fleq@ff2                       cstackCOMMON 0074
___flge                           text42       1598
___flge@ff1                       cstackCOMMON 0070
___flge@ff2                       cstackCOMMON 0074
___flmul                          text39       0052
___flmul@a                        cstackBANK0  0042
___flmul@aexp                     cstackBANK0  004C
___flmul@b                        cstackBANK0  003E
___flmul@bexp                     cstackBANK0  0051
___flmul@grs                      cstackBANK0  004D
___flmul@prod                     cstackBANK0  0052
___flmul@sign                     cstackBANK0  004B
___flmul@temp                     cstackBANK0  0056
___flsub                          text45       1F9F
___flsub@a                        cstackBANK0  0065
___flsub@b                        cstackBANK0  0069
___fltol                          text14       14C2
___fltol@exp1                     cstackBANK3  019A
___fltol@f1                       cstackBANK3  0190
___fltol@sign1                    cstackBANK3  0199
___int_sp                         stack        0000
___latbits                        (abs)        0002
___lldiv                          text20       1272
___lldiv@counter                  cstackBANK3  019D
___lldiv@dividend                 cstackBANK3  0194
___lldiv@divisor                  cstackBANK3  0190
___lldiv@quotient                 cstackBANK3  0199
___lmul                           text19       1197
___lmul@multiplicand              cstackBANK3  0194
___lmul@multiplier                cstackBANK3  0190
___lmul@product                   cstackBANK3  0199
___lwdiv                          text44       115B
___lwdiv@counter                  cstackCOMMON 0077
___lwdiv@dividend                 cstackCOMMON 0072
___lwdiv@divisor                  cstackCOMMON 0070
___lwdiv@quotient                 cstackCOMMON 0075
___sp                             stack        0000
___stackhi                        (abs)        0000
___stacklo                        (abs)        0000
___xxtofl                         text41       175C
___xxtofl@arg                     cstackBANK0  0026
___xxtofl@exp                     cstackBANK0  0025
___xxtofl@sign                    cstackBANK0  0024
___xxtofl@val                     cstackCOMMON 0079
__end_of_I2C_Master_Init          text8        1123
__end_of_I2C_Master_Read          text24       10BF
__end_of_I2C_Master_RepeatedStart text23       1F42
__end_of_I2C_Master_Start         text28       1F38
__end_of_I2C_Master_Stop          text27       1F3D
__end_of_I2C_Master_Wait          text29       1F66
__end_of_I2C_Master_Write         text26       1F6F
__end_of_LUX_config               text25       132F
__end_of_LUX_read                 text17       0AAE
__end_of_RTC_read                 text15       09DA
__end_of_USART_send               text22       1F82
__end_of_USART_set                text7        1391
__end_of__Umul8_16                text40       2000
__end_of___bmul                   text21       1F9F
__end_of___fladd                  text46       07E4
__end_of___fldiv                  text34       0DAA
__end_of___fleq                   text37       121E
__end_of___flge                   text42       162B
__end_of___flmul                  text39       0347
__end_of___flsub                  text45       1FBD
__end_of___fltol                  text14       152D
__end_of___lldiv                  text20       12D0
__end_of___lmul                   text19       11D6
__end_of___lwdiv                  text44       1197
__end_of___xxtofl                 text41       1800
__end_of__initialization          cinit        004E
__end_of__stringtab               strings      1006
__end_of_adc_ch_switch            text13       092B
__end_of_adc_init                 text6        14C2
__end_of_adc_read                 text43       1F55
__end_of_bcd_dec                  text16       1044
__end_of_calculateLux             text18       1000
__end_of_eval_poly                text38       16C0
__end_of_frexp                    text36       1272
__end_of_int_osc_MHz              text5        10F0
__end_of_log                      text35       0BA0
__end_of_main                     maintext     1459
__end_of_map                      text32       175C
__end_of_motor_dc                 text12       106B
__end_of_pulse_step               text11       0800
__end_of_pwm_duty_cycle           text10       1FDD
__end_of_pwm_init                 text4        115B
__end_of_servo                    text9        1094
__end_of_setup                    text1        1598
__end_of_slave                    text30       05B7
__end_of_tmr0_init                text3        13F4
__end_of_tmr0_reload              text2        1F47
__end_ofi1___fltol                text33       0887
__end_ofi1_tmr0_reload            text31       1F4D
__end_oflog@coeff                 strings      102A
__initialization                  cinit        0015
__pbssBANK1                       bssBANK1     00D8
__pbssBANK3                       bssBANK3     01D4
__pcstackBANK0                    cstackBANK0  0020
__pcstackBANK1                    cstackBANK1  00A0
__pcstackBANK3                    cstackBANK3  0190
__pcstackCOMMON                   cstackCOMMON 0070
__pdataBANK1                      dataBANK1    00E4
__pdataBANK2                      dataBANK2    0110
__pdataBANK3                      dataBANK3    01E6
__pidataBANK1                     idataBANK1   1F82
__pidataBANK2                     idataBANK2   102A
__pidataBANK3                     idataBANK3   1F6F
__pintentry                       intentry     0004
__pmaintext                       maintext     13F4
__pstrings                        strings      1000
__ptext1                          text1        152D
__ptext10                         text10       1FBD
__ptext11                         text11       07E4
__ptext12                         text12       1044
__ptext13                         text13       0887
__ptext14                         text14       14C2
__ptext15                         text15       092B
__ptext16                         text16       102E
__ptext17                         text17       09DA
__ptext18                         text18       0DAA
__ptext19                         text19       1197
__ptext2                          text2        1F42
__ptext20                         text20       1272
__ptext21                         text21       1F8E
__ptext22                         text22       1F78
__ptext23                         text23       1F3D
__ptext24                         text24       1094
__ptext25                         text25       12D0
__ptext26                         text26       1F66
__ptext27                         text27       1F38
__ptext28                         text28       1F33
__ptext29                         text29       1F5D
__ptext3                          text3        1391
__ptext30                         text30       0347
__ptext31                         text31       1F47
__ptext32                         text32       16C0
__ptext33                         text33       0811
__ptext34                         text34       0BA0
__ptext35                         text35       0AAE
__ptext36                         text36       121E
__ptext37                         text37       11D6
__ptext38                         text38       162B
__ptext39                         text39       0052
__ptext4                          text4        1123
__ptext40                         text40       1FDD
__ptext41                         text41       175C
__ptext42                         text42       1598
__ptext43                         text43       1F4D
__ptext44                         text44       115B
__ptext45                         text45       1F9F
__ptext46                         text46       05B7
__ptext5                          text5        10BF
__ptext6                          text6        1459
__ptext7                          text7        132F
__ptext8                          text8        10F0
__ptext9                          text9        106B
__stringbase                      strings      1005
__stringtab                       strings      1000
_adc_ch_switch                    text13       0887
_adc_init                         text6        1459
_adc_read                         text43       1F4D
_bcd_dec                          text16       102E
_calculateLux                     text18       0DAA
_dir                              dataBANK3    01EB
_errno                            bssBANK1     00E0
_eval_poly                        text38       162B
_frexp                            text36       121E
_highCH0                          bssBANK3     01E1
_highCH1                          bssBANK3     01DF
_hrs                              bssBANK3     01E3
_int_osc_MHz                      text5        10BF
_last_LUX                         dataBANK3    01EA
_last_hrs                         dataBANK3    01ED
_last_min                         dataBANK3    01EE
_last_mov                         dataBANK3    01E8
_log                              text35       0AAE
_logR2                            bssBANK1     00DC
_lowCH0                           bssBANK3     01E2
_lowCH1                           bssBANK3     01E0
_main                             maintext     13F4
_map                              text32       16C0
_min                              bssBANK3     01E4
_motor_dc                         text12       1044
_p                                bssBANK3     01E5
_pulse_step                       text11       07E4
_pulso                            dataBANK3    01EC
_pwm_duty_cycle                   text10       1FBD
_pwm_init                         text4        1123
_servo                            text9        106B
_setup                            text1        152D
_slave                            text30       0347
_slave$1780                       cstackBANK1  00C8
_slave$1781                       cstackBANK1  00CC
_slave$1782                       cstackBANK1  00D0
_slave$1783                       cstackBANK1  00D4
_switch_servo                     bssBANK3     01DC
_tmr0_init                        text3        1391
_tmr0_reload                      text2        1F42
adc_ch_switch@channels            cstackBANK3  0192
adc_init@adc_cs                   cstackBANK3  0194
adc_init@vref_minus               cstackBANK3  0191
adc_init@vref_plus                cstackBANK3  0190
bcd_dec@no                        cstackBANK3  01CD
btemp                             (abs)        007E
calculateLux@b                    cstackBANK3  01B2
calculateLux@broadband            cstackBANK3  019E
calculateLux@chScale              cstackBANK3  01B6
calculateLux@channel0             cstackBANK3  01BE
calculateLux@channel1             cstackBANK3  01BA
calculateLux@ir                   cstackBANK3  01A0
calculateLux@lux                  cstackBANK3  01A6
calculateLux@m                    cstackBANK3  01B4
calculateLux@ratio                cstackBANK3  01C2
calculateLux@ratio1               cstackBANK3  01AA
calculateLux@temp                 cstackBANK3  01AE
clear_ram0                        clrtext      1F55
end_of_initialization             cinit        004E
eval_poly@d                       cstackBANK0  005C
eval_poly@n                       cstackBANK0  005D
eval_poly@res                     cstackBANK0  0064
eval_poly@x                       cstackBANK0  0058
frexp@eptr                        cstackBANK0  0024
frexp@value                       cstackBANK0  0020
i1___fltol                        text33       0811
i1___fltol@exp1                   cstackBANK0  006E
i1___fltol@f1                     cstackBANK1  00AD
i1___fltol@sign1                  cstackBANK0  006D
i1_tmr0_reload                    text31       1F47
init_fetch0                       inittext     0800
init_ram0                         inittext     0804
int_osc_MHz@freq                  cstackBANK3  0192
interrupt_function                intentry     0004
intlevel0                         functab      0000
intlevel1                         functab      0000
intlevel2                         functab      0000
intlevel3                         functab      0000
intlevel4                         functab      0000
intlevel5                         functab      0000
log@coeff                         strings      1006
log@exponent                      cstackBANK0  006D
log@x                             cstackBANK0  0068
map@x                             cstackBANK1  00B6
map@x0                            cstackBANK1  00B8
map@x1                            cstackBANK1  00BA
map@y0                            cstackBANK1  00BC
map@y1                            cstackBANK1  00BE
motor_dc@temp                     cstackBANK3  019B
pulse_step@bt                     cstackBANK3  0190
pulse_step@signal                 cstackBANK3  0192
pwm_duty_cycle@duty_cycle         cstackBANK3  0190
pwm_init@channel                  cstackBANK3  0192
reset_vec                         reset_vec    0000
saved_w                           (abs)        007E
servo@mov                         cstackBANK3  0194
start                             init         0012
start_initialization              cinit        0015
tmr0_init@prescaler               cstackBANK3  0192
wtemp0                            (abs)        007E


MODULE INFORMATION

Module		Function		Class		Link	Load	Size
USART.c
		_USART_set     		CODE           	132F	0000	98
		_USART_send    		CODE           	1F78	0000	10

USART.c estimated size: 108

C:\Program Files\Microchip\xc8\v2.35\pic\sources\c90\common\Umul32.c
		___lmul        		CODE           	1197	0000	63

C:\Program Files\Microchip\xc8\v2.35\pic\sources\c90\common\Umul32.c estimated size: 63

C:\Program Files\Microchip\xc8\v2.35\pic\sources\c90\common\xxtofl.c
		___xxtofl      		CODE           	175C	0000	164

C:\Program Files\Microchip\xc8\v2.35\pic\sources\c90\common\xxtofl.c estimated size: 164

C:\Program Files\Microchip\xc8\v2.35\pic\sources\c90\common\lwdiv.c
		___lwdiv       		CODE           	115B	0000	60

C:\Program Files\Microchip\xc8\v2.35\pic\sources\c90\common\lwdiv.c estimated size: 60

C:\Program Files\Microchip\xc8\v2.35\pic\sources\c90\common\fltol.c
		___fltol       		CODE           	14C2	0000	107

C:\Program Files\Microchip\xc8\v2.35\pic\sources\c90\common\fltol.c estimated size: 107

C:\Program Files\Microchip\xc8\v2.35\pic\sources\c90\common\fleq.c
		___fleq        		CODE           	11D6	0000	72

C:\Program Files\Microchip\xc8\v2.35\pic\sources\c90\common\fleq.c estimated size: 72

I2C.c
		_I2C_Master_Read		CODE           	1094	0000	43
		_I2C_Master_Wait		CODE           	1F5D	0000	9
		_I2C_Master_Init		CODE           	10F0	0000	51
		_I2C_Master_Stop		CODE           	1F38	0000	5
		_I2C_Master_RepeatedStart		CODE           	1F3D	0000	5
		_I2C_Master_Write		CODE           	1F66	0000	9
		_I2C_Master_Start		CODE           	1F33	0000	5

I2C.c estimated size: 127

C:\Program Files\Microchip\xc8\v2.35\pic\sources\c90\common\Umul8.c
		___bmul        		CODE           	1F8E	0000	17

C:\Program Files\Microchip\xc8\v2.35\pic\sources\c90\common\Umul8.c estimated size: 17

pwm.c
		_pwm_duty_cycle		CODE           	1FBD	0000	32
		_pwm_init      		CODE           	1123	0000	56

pwm.c estimated size: 88

adc.c
		_adc_read      		CODE           	1F4D	0000	8
		_adc_init      		CODE           	1459	0000	105
		_adc_ch_switch 		CODE           	0887	0000	164

adc.c estimated size: 277

C:\Program Files\Microchip\xc8\v2.35\pic\sources\c90\common\sprcmul.c
		___flmul       		CODE           	0052	0000	757

C:\Program Files\Microchip\xc8\v2.35\pic\sources\c90\common\sprcmul.c estimated size: 757

C:\Program Files\Microchip\xc8\v2.35\pic\sources\c90\common\__lldiv.c
		___lldiv       		CODE           	1272	0000	94

C:\Program Files\Microchip\xc8\v2.35\pic\sources\c90\common\__lldiv.c estimated size: 94

C:\Program Files\Microchip\xc8\v2.35\pic\sources\c90\common\sprcdiv.c
		___fldiv       		CODE           	0BA0	0000	522

C:\Program Files\Microchip\xc8\v2.35\pic\sources\c90\common\sprcdiv.c estimated size: 522

tmr0.c
		_tmr0_reload   		CODE           	1F42	0000	5
		_tmr0_init     		CODE           	1391	0000	99

tmr0.c estimated size: 104

shared
		__stringtab    		STRING         	1000	0000	6
		i1___fltol     		CODE           	0811	0000	118
		__initialization		CODE           	0015	0000	57
		i1_tmr0_reload 		CODE           	1F47	0000	6
		log@coeff      		STRING         	1006	0000	36

shared estimated size: 223

C:\Program Files\Microchip\xc8\v2.35\pic\sources\c90\common\evalpoly.c
		_eval_poly     		CODE           	162B	0000	149

C:\Program Files\Microchip\xc8\v2.35\pic\sources\c90\common\evalpoly.c estimated size: 149

C:\Program Files\Microchip\xc8\v2.35\pic\sources\c90\common\Umul8_16.c
		__Umul8_16     		CODE           	1FDD	0000	35

C:\Program Files\Microchip\xc8\v2.35\pic\sources\c90\common\Umul8_16.c estimated size: 35

tsl2561.c
		_calculateLux  		CODE           	0DAA	0000	598

tsl2561.c estimated size: 598

C:\Program Files\Microchip\xc8\v2.35\pic\sources\c90\common\flge.c
		___flge        		CODE           	1598	0000	147

C:\Program Files\Microchip\xc8\v2.35\pic\sources\c90\common\flge.c estimated size: 147

C:\Program Files\Microchip\xc8\v2.35\pic\sources\c90\common\log.c
		_log           		CODE           	0AAE	0000	242

C:\Program Files\Microchip\xc8\v2.35\pic\sources\c90\common\log.c estimated size: 242

main_slave_p1.c
		_map           		CODE           	16C0	0000	156
		_motor_dc      		CODE           	1044	0000	39
		_main          		CODE           	13F4	0000	101
		_slave         		CODE           	0347	0000	624
		_pulse_step    		CODE           	07E4	0000	28
		_LUX_config    		CODE           	12D0	0000	95
		_servo         		CODE           	106B	0000	41
		_LUX_read      		CODE           	09DA	0000	212
		_bcd_dec       		CODE           	102E	0000	22
		_setup         		CODE           	152D	0000	107
		_RTC_read      		CODE           	092B	0000	175

main_slave_p1.c estimated size: 1600

osc.c
		_int_osc_MHz   		CODE           	10BF	0000	49

osc.c estimated size: 49

C:\Program Files\Microchip\xc8\v2.35\pic\sources\c90\common\sprcadd.c
		___flsub       		CODE           	1F9F	0000	30
		___fladd       		CODE           	05B7	0000	557

C:\Program Files\Microchip\xc8\v2.35\pic\sources\c90\common\sprcadd.c estimated size: 587

C:\Program Files\Microchip\xc8\v2.35\pic\sources\c90\common\frexp.c
		_frexp         		CODE           	121E	0000	84

C:\Program Files\Microchip\xc8\v2.35\pic\sources\c90\common\frexp.c estimated size: 84

